2026-09-30 16:51:01,492 INFO: compat: torch 1.10.0 (weights_only=no), timm 0.5.4 (shim: timm.models.layers), spikingjelly 0.0.0.0.12 (shim: LIF/PLIF/reset_net, frames cast to float32)
2026-09-30 16:51:01,505 INFO: Training with a single process on 1 GPUs.
2026-09-30 16:51:01,665 INFO:   prune-only: survivors run full T (no timestep reduction)
2026-09-30 16:51:01,666 INFO:   prune-tmean: prune iff T-averaged input entropy < exit_threshold
2026-09-30 16:51:01,666 INFO: Creating model
2026-09-30 16:51:01,666 INFO: number of params: 9374996
2026-09-30 16:51:01,666 INFO:   early_exit=True, exit_metric=input_entropy, exit_mode=absolute, exit_threshold=0.5, exit_low_t=1, prune_threshold=None, entropy_norm=True
2026-09-30 16:51:01,667 INFO: Model sdt created, param count:9374996
INFO:timm.data.config:Data processing configuration for current model + dataset:
Data processing configuration for current model + dataset:
INFO:timm.data.config:	input_size: (3, 32, 32)
	input_size: (3, 32, 32)
INFO:timm.data.config:	interpolation: bicubic
	interpolation: bicubic
INFO:timm.data.config:	mean: (0.5071, 0.4867, 0.4408)
	mean: (0.5071, 0.4867, 0.4408)
INFO:timm.data.config:	std: (0.2675, 0.2565, 0.2761)
	std: (0.2675, 0.2565, 0.2761)
INFO:timm.data.config:	crop_pct: 1.0
	crop_pct: 1.0
2026-09-30 16:51:07,883 INFO: AMP not enabled. Training in float32.
2026-09-30 16:51:07,996 INFO: Loaded EMA weights (state_dict_ema) for inference
2026-09-30 16:51:16,765 INFO: Test: [   0/312]  Time: 8.365 (8.365)  Loss:  0.8214 (0.8214)  Acc@1: 84.3750 (84.3750)  Acc@5: 93.7500 (93.7500)
2026-09-30 16:51:25,080 INFO: Test: [ 100/312]  Time: 0.083 (0.165)  Loss:  1.1740 (0.9145)  Acc@1: 71.8750 (77.6609)  Acc@5: 96.8750 (94.0594)
2026-09-30 16:51:33,714 INFO: Test: [ 200/312]  Time: 0.095 (0.126)  Loss:  0.7615 (0.9242)  Acc@1: 81.2500 (77.1455)  Acc@5: 100.0000 (94.3252)
2026-09-30 16:51:42,352 INFO: Test: [ 300/312]  Time: 0.085 (0.113)  Loss:  1.0893 (0.9137)  Acc@1: 68.7500 (77.6682)  Acc@5: 96.8750 (94.4352)
2026-09-30 16:51:45,831 INFO: Test: [ 312/312]  Time: 2.537 (0.120)  Loss:  0.7782 (0.9128)  Acc@1: 75.0000 (77.6700)  Acc@5: 93.7500 (94.4000)
2026-09-30 16:51:45,954 INFO: top-1: 77.67
2026-09-30 16:51:45,955 INFO: non_zero: 
2026-09-30 16:51:45,955 INFO: {
    "t0": {
        "MS_SPS_lif": 0.14099514751007758,
        "MS_SPS_lif1": 0.1584725801429301,
        "MS_SPS_lif2": 0.03901378339091049,
        "MS_SPS_lif3": 0.126663143007646,
        "MS_SSA_Conv0_first_lif": 0.17973892325664334,
        "MS_SSA_Conv0_q_lif": 0.37318748254745565,
        "MS_SSA_Conv0_k_lif": 0.012936914055999978,
        "MS_SSA_Conv0_v_lif": 0.01257676844652723,
        "MS_SSA_Conv0_kv_before": 0.0025715772082376518,
        "MS_SSA_Conv0_kv": 0.0880037252895367,
        "MS_SSA_Conv0_x_after_qkv": 0.03538817871873754,
        "MS_MLP_Expert0_fc1_lif": 0.08099809673012767,
        "MS_MLP_Expert0_fc2_lif": 0.05821977154261517,
        "MS_SSA_Conv1_first_lif": 0.19571194633508288,
        "MS_SSA_Conv1_q_lif": 0.21277340126240737,
        "MS_SSA_Conv1_k_lif": 0.012691684678212772,
        "MS_SSA_Conv1_v_lif": 0.01341362527638071,
        "MS_SSA_Conv1_kv_before": 0.0016545914232540427,
        "MS_SSA_Conv1_kv": 0.05716062633120341,
        "MS_SSA_Conv1_x_after_qkv": 0.01822761478769385,
        "MS_SSA_Conv2_first_lif": 0.22415103851415868,
        "MS_SSA_Conv2_q_lif": 0.12519411487193408,
        "MS_SSA_Conv2_k_lif": 0.012313899648583114,
        "MS_SSA_Conv2_v_lif": 0.013074438158061691,
        "MS_SSA_Conv2_kv_before": 0.001372019449869792,
        "MS_SSA_Conv2_kv": 0.03691151449347711,
        "MS_SSA_Conv2_x_after_qkv": 0.01287221045285876,
        "MS_SSA_Conv3_first_lif": 0.2711623885507146,
        "MS_SSA_Conv3_q_lif": 0.06952617267450205,
        "MS_SSA_Conv3_k_lif": 0.014742870554248612,
        "MS_SSA_Conv3_v_lif": 0.014798494446645778,
        "MS_SSA_Conv3_kv_before": 0.002753638611814848,
        "MS_SSA_Conv3_kv": 0.030325697633785936,
        "MS_SSA_Conv3_x_after_qkv": 0.011586499036437537,
        "head_lif": 0.3244327305477902
    },
    "t1": {
        "MS_SPS_lif": 0.28356642514879843,
        "MS_SPS_lif1": 0.2479994319879206,
        "MS_SPS_lif2": 0.03735181038625958,
        "MS_SPS_lif3": 0.15834845318454016,
        "MS_SSA_Conv0_first_lif": 0.24155561713237989,
        "MS_SSA_Conv0_q_lif": 0.2189450289367741,
        "MS_SSA_Conv0_k_lif": 0.026550512344311595,
        "MS_SSA_Conv0_v_lif": 0.025737303387496677,
        "MS_SSA_Conv0_kv_before": 0.004772742843221681,
        "MS_SSA_Conv0_kv": 0.1592623677116613,
        "MS_SSA_Conv0_x_after_qkv": 0.03616818477805305,
        "MS_MLP_Expert0_fc1_lif": 0.08193619538166017,
        "MS_MLP_Expert0_fc2_lif": 0.06157462106852987,
        "MS_SSA_Conv1_first_lif": 0.2372638755205213,
        "MS_SSA_Conv1_q_lif": 0.13937905649788465,
        "MS_SSA_Conv1_k_lif": 0.02221318124074399,
        "MS_SSA_Conv1_v_lif": 0.022572449347970355,
        "MS_SSA_Conv1_kv_before": 0.0025855441189929444,
        "MS_SSA_Conv1_kv": 0.09327887879392972,
        "MS_SSA_Conv1_x_after_qkv": 0.017264986698365938,
        "MS_SSA_Conv2_first_lif": 0.25108204558253683,
        "MS_SSA_Conv2_q_lif": 0.08999004506201534,
        "MS_SSA_Conv2_k_lif": 0.020645620977789686,
        "MS_SSA_Conv2_v_lif": 0.021289557313766715,
        "MS_SSA_Conv2_kv_before": 0.0017042068627695682,
        "MS_SSA_Conv2_kv": 0.054737940129126694,
        "MS_SSA_Conv2_x_after_qkv": 0.011323317425192606,
        "MS_SSA_Conv3_first_lif": 0.28174299376206424,
        "MS_SSA_Conv3_q_lif": 0.07144901572198027,
        "MS_SSA_Conv3_k_lif": 0.026708990875016634,
        "MS_SSA_Conv3_v_lif": 0.02652988291650028,
        "MS_SSA_Conv3_kv_before": 0.0034980977051301257,
        "MS_SSA_Conv3_kv": 0.04621771831735891,
        "MS_SSA_Conv3_x_after_qkv": 0.012981061356517077,
        "head_lif": 0.34668774752063347
    },
    "t2": {
        "MS_SPS_lif": 0.19720442937458912,
        "MS_SPS_lif1": 0.21638076018474603,
        "MS_SPS_lif2": 0.040939597656932496,
        "MS_SPS_lif3": 0.17646277674470848,
        "MS_SSA_Conv0_first_lif": 0.24335200235612608,
        "MS_SSA_Conv0_q_lif": 0.16507945197839716,
        "MS_SSA_Conv0_k_lif": 0.028160712716424566,
        "MS_SSA_Conv0_v_lif": 0.02733004308991031,
        "MS_SSA_Conv0_kv_before": 0.004791844767122603,
        "MS_SSA_Conv0_kv": 0.16431782065362077,
        "MS_SSA_Conv0_x_after_qkv": 0.02864890052868535,
        "MS_MLP_Expert0_fc1_lif": 0.08235560083033817,
        "MS_MLP_Expert0_fc2_lif": 0.09572226754900488,
        "MS_SSA_Conv1_first_lif": 0.2367108297297239,
        "MS_SSA_Conv1_q_lif": 0.10674088450666425,
        "MS_SSA_Conv1_k_lif": 0.024075236945106576,
        "MS_SSA_Conv1_v_lif": 0.0242322854721508,
        "MS_SSA_Conv1_kv_before": 0.002719684149891423,
        "MS_SSA_Conv1_kv": 0.10039821701943558,
        "MS_SSA_Conv1_x_after_qkv": 0.013982543295310838,
        "MS_SSA_Conv2_first_lif": 0.24783369070424818,
        "MS_SSA_Conv2_q_lif": 0.07326122036122414,
        "MS_SSA_Conv2_k_lif": 0.023192347809910387,
        "MS_SSA_Conv2_v_lif": 0.023574426913032916,
        "MS_SSA_Conv2_kv_before": 0.0017481794753394571,
        "MS_SSA_Conv2_kv": 0.06006951377795527,
        "MS_SSA_Conv2_x_after_qkv": 0.009683326664316263,
        "MS_SSA_Conv3_first_lif": 0.28291606801513414,
        "MS_SSA_Conv3_q_lif": 0.0721475237601608,
        "MS_SSA_Conv3_k_lif": 0.029117706103827617,
        "MS_SSA_Conv3_v_lif": 0.02856799157155841,
        "MS_SSA_Conv3_kv_before": 0.0031084988952571734,
        "MS_SSA_Conv3_kv": 0.052079953324680475,
        "MS_SSA_Conv3_x_after_qkv": 0.012544369926087014,
        "head_lif": 0.3655450757953942
    },
    "t3": {
        "MS_SPS_lif": 0.3084559516784863,
        "MS_SPS_lif1": 0.22479088288653515,
        "MS_SPS_lif2": 0.03959925309283793,
        "MS_SPS_lif3": 0.13878588935437683,
        "MS_SSA_Conv0_first_lif": 0.2242387846762889,
        "MS_SSA_Conv0_q_lif": 0.04327255671524518,
        "MS_SSA_Conv0_k_lif": 0.027962303770997628,
        "MS_SSA_Conv0_v_lif": 0.02694086271860855,
        "MS_SSA_Conv0_kv_before": 0.004750041535106331,
        "MS_SSA_Conv0_kv": 0.16574938431842384,
        "MS_SSA_Conv0_x_after_qkv": 0.0078052159188527455,
        "MS_MLP_Expert0_fc1_lif": 0.0937960566804052,
        "MS_MLP_Expert0_fc2_lif": 0.17757422677752047,
        "MS_SSA_Conv1_first_lif": 0.22155964031767922,
        "MS_SSA_Conv1_q_lif": 0.039268867403300545,
        "MS_SSA_Conv1_k_lif": 0.025085725469457195,
        "MS_SSA_Conv1_v_lif": 0.024977894255909298,
        "MS_SSA_Conv1_kv_before": 0.002741654206134769,
        "MS_SSA_Conv1_kv": 0.10885343866480293,
        "MS_SSA_Conv1_x_after_qkv": 0.005102488687371036,
        "MS_SSA_Conv2_first_lif": 0.23365722753750254,
        "MS_SSA_Conv2_q_lif": 0.03403980307939586,
        "MS_SSA_Conv2_k_lif": 0.02489874030327517,
        "MS_SSA_Conv2_v_lif": 0.024651682795807966,
        "MS_SSA_Conv2_kv_before": 0.0016712314658525525,
        "MS_SSA_Conv2_kv": 0.06591406874001597,
        "MS_SSA_Conv2_x_after_qkv": 0.005305963583266778,
        "MS_SSA_Conv3_first_lif": 0.3141856696278141,
        "MS_SSA_Conv3_q_lif": 0.053127041005224966,
        "MS_SSA_Conv3_k_lif": 0.03211998660216569,
        "MS_SSA_Conv3_v_lif": 0.03095675174928447,
        "MS_SSA_Conv3_kv_before": 0.0026676190166046825,
        "MS_SSA_Conv3_kv": 0.062487259967385515,
        "MS_SSA_Conv3_x_after_qkv": 0.008955763551754687,
        "head_lif": 0.47877848567292314
    }
}
2026-09-30 16:51:45,955 INFO: firing_rate: 
2026-09-30 16:51:45,955 INFO: {
    "t0": {
        "MS_SPS_lif": 0.14099515234224327,
        "MS_SPS_lif1": 0.15847258507824546,
        "MS_SPS_lif2": 0.03901378471201984,
        "MS_SPS_lif3": 0.12666314745101676,
        "MS_SSA_Conv0_first_lif": 0.17973892842999661,
        "MS_SSA_Conv0_q_lif": 0.37318749197374934,
        "MS_SSA_Conv0_k_lif": 0.012936914354538951,
        "MS_SSA_Conv0_v_lif": 0.01257676875200897,
        "MS_SSA_Conv0_kv_before": 0.00257157727766532,
        "MS_SSA_Conv0_kv": 0.08800372778893269,
        "MS_SSA_Conv0_x_after_qkv": 0.035388179944631795,
        "MS_MLP_Expert0_fc1_lif": 0.08099809915017782,
        "MS_MLP_Expert0_fc2_lif": 0.05821977290339746,
        "MS_SSA_Conv1_first_lif": 0.1957119513338749,
        "MS_SSA_Conv1_q_lif": 0.21277340632467612,
        "MS_SSA_Conv1_k_lif": 0.012691684980719048,
        "MS_SSA_Conv1_v_lif": 0.013413625584837914,
        "MS_SSA_Conv1_kv_before": 0.0016545914619351726,
        "MS_SSA_Conv1_kv": 0.05716062754916309,
        "MS_SSA_Conv1_x_after_qkv": 0.01822761537286991,
        "MS_SSA_Conv2_first_lif": 0.2241510436081659,
        "MS_SSA_Conv2_q_lif": 0.125194118712276,
        "MS_SSA_Conv2_k_lif": 0.012313899964974914,
        "MS_SSA_Conv2_v_lif": 0.013074438465527076,
        "MS_SSA_Conv2_kv_before": 0.001372019489170811,
        "MS_SSA_Conv2_kv": 0.03691151570945312,
        "MS_SSA_Conv2_x_after_qkv": 0.012872210775201513,
        "MS_SSA_Conv3_first_lif": 0.2711623989926361,
        "MS_SSA_Conv3_q_lif": 0.06952617501917355,
        "MS_SSA_Conv3_k_lif": 0.014742870916264307,
        "MS_SSA_Conv3_v_lif": 0.014798494805686012,
        "MS_SSA_Conv3_kv_before": 0.0027536386824822943,
        "MS_SSA_Conv3_kv": 0.030325698443114172,
        "MS_SSA_Conv3_x_after_qkv": 0.011586499355804811,
        "head_lif": 0.32443274010103734
    },
    "t1": {
        "MS_SPS_lif": 0.28356643454335356,
        "MS_SPS_lif1": 0.24799943760561077,
        "MS_SPS_lif2": 0.037351811572480874,
        "MS_SPS_lif3": 0.15834845778660264,
        "MS_SSA_Conv0_first_lif": 0.24155562225812532,
        "MS_SSA_Conv0_q_lif": 0.21894503391969697,
        "MS_SSA_Conv0_k_lif": 0.026550512998915327,
        "MS_SSA_Conv0_v_lif": 0.02573730402028028,
        "MS_SSA_Conv0_kv_before": 0.00477274301381538,
        "MS_SSA_Conv0_kv": 0.1592623727580611,
        "MS_SSA_Conv0_x_after_qkv": 0.03616818597617622,
        "MS_MLP_Expert0_fc1_lif": 0.08193619763508386,
        "MS_MLP_Expert0_fc2_lif": 0.061574622726859325,
        "MS_SSA_Conv1_first_lif": 0.2372638808843047,
        "MS_SSA_Conv1_q_lif": 0.13937906106820883,
        "MS_SSA_Conv1_k_lif": 0.02221318186162571,
        "MS_SSA_Conv1_v_lif": 0.022572449994639466,
        "MS_SSA_Conv1_kv_before": 0.002585544195115424,
        "MS_SSA_Conv1_kv": 0.09327888129332577,
        "MS_SSA_Conv1_x_after_qkv": 0.01726498729147658,
        "MS_SSA_Conv2_first_lif": 0.2510820540566796,
        "MS_SSA_Conv2_q_lif": 0.0899900475058693,
        "MS_SSA_Conv2_k_lif": 0.02064562163437708,
        "MS_SSA_Conv2_v_lif": 0.021289557974321388,
        "MS_SSA_Conv2_kv_before": 0.0017042068992190944,
        "MS_SSA_Conv2_kv": 0.054737941216165625,
        "MS_SSA_Conv2_x_after_qkv": 0.011323317751502643,
        "MS_SSA_Conv3_first_lif": 0.28174300401355534,
        "MS_SSA_Conv3_q_lif": 0.07144901815789956,
        "MS_SSA_Conv3_k_lif": 0.026708991513751196,
        "MS_SSA_Conv3_v_lif": 0.026529883501676326,
        "MS_SSA_Conv3_kv_before": 0.0034980977842280748,
        "MS_SSA_Conv3_kv": 0.046217719527383946,
        "MS_SSA_Conv3_x_after_qkv": 0.01298106168084347,
        "head_lif": 0.3466877570738808
    },
    "t2": {
        "MS_SPS_lif": 0.197204434357512,
        "MS_SPS_lif1": 0.21638076497723877,
        "MS_SPS_lif2": 0.04093959884712109,
        "MS_SPS_lif3": 0.17646278155307035,
        "MS_SSA_Conv0_first_lif": 0.2433520068471043,
        "MS_SSA_Conv0_q_lif": 0.16507945726283446,
        "MS_SSA_Conv0_k_lif": 0.028160713345240878,
        "MS_SSA_Conv0_v_lif": 0.027330043722693927,
        "MS_SSA_Conv0_kv_before": 0.004791844915896178,
        "MS_SSA_Conv0_kv": 0.16431782563654374,
        "MS_SSA_Conv0_x_after_qkv": 0.028648901171387197,
        "MS_MLP_Expert0_fc1_lif": 0.08235560314723858,
        "MS_MLP_Expert0_fc2_lif": 0.09572227001666266,
        "MS_SSA_Conv1_first_lif": 0.23671083447460922,
        "MS_SSA_Conv1_q_lif": 0.10674088707747162,
        "MS_SSA_Conv1_k_lif": 0.024075237540200873,
        "MS_SSA_Conv1_v_lif": 0.02423228606724509,
        "MS_SSA_Conv1_kv_before": 0.002719684223534343,
        "MS_SSA_Conv1_kv": 0.10039821952676622,
        "MS_SSA_Conv1_x_after_qkv": 0.013982543605751695,
        "MS_SSA_Conv2_first_lif": 0.24783369660758361,
        "MS_SSA_Conv2_q_lif": 0.07326122270986299,
        "MS_SSA_Conv2_k_lif": 0.023192348428808466,
        "MS_SSA_Conv2_v_lif": 0.023574427555734752,
        "MS_SSA_Conv2_kv_before": 0.0017481795195995959,
        "MS_SSA_Conv2_kv": 0.06006951515857401,
        "MS_SSA_Conv2_x_after_qkv": 0.00968332696682253,
        "MS_SSA_Conv3_first_lif": 0.2829160780761951,
        "MS_SSA_Conv3_q_lif": 0.07214752622781852,
        "MS_SSA_Conv3_k_lif": 0.029117706782235124,
        "MS_SSA_Conv3_v_lif": 0.02856799219244015,
        "MS_SSA_Conv3_kv_before": 0.0031084989691480473,
        "MS_SSA_Conv3_kv": 0.05207995456247662,
        "MS_SSA_Conv3_x_after_qkv": 0.012544370250413404,
        "head_lif": 0.36554508611036174
    },
    "t3": {
        "MS_SPS_lif": 0.30845596167607037,
        "MS_SPS_lif1": 0.22479088771076633,
        "MS_SPS_lif2": 0.03959925426319003,
        "MS_SPS_lif3": 0.13878589401991612,
        "MS_SSA_Conv0_first_lif": 0.2242387900718105,
        "MS_SSA_Conv0_q_lif": 0.043272557957008614,
        "MS_SSA_Conv0_k_lif": 0.027962304395846658,
        "MS_SSA_Conv0_v_lif": 0.02694086333552297,
        "MS_SSA_Conv0_kv_before": 0.0047500416913185805,
        "MS_SSA_Conv0_kv": 0.16574938904743994,
        "MS_SSA_Conv0_x_after_qkv": 0.007805216155898644,
        "MS_MLP_Expert0_fc1_lif": 0.09379605929882001,
        "MS_MLP_Expert0_fc2_lif": 0.17757423183978935,
        "MS_SSA_Conv1_first_lif": 0.2215596454116864,
        "MS_SSA_Conv1_q_lif": 0.03926886876408284,
        "MS_SSA_Conv1_k_lif": 0.025085726044715012,
        "MS_SSA_Conv1_v_lif": 0.02497789483910172,
        "MS_SSA_Conv1_kv_before": 0.002741654280025644,
        "MS_SSA_Conv1_kv": 0.10885344117213357,
        "MS_SSA_Conv1_x_after_qkv": 0.00510248884606285,
        "MS_SSA_Conv2_first_lif": 0.2336572321554344,
        "MS_SSA_Conv2_q_lif": 0.03403980439653791,
        "MS_SSA_Conv2_k_lif": 0.024898740959862563,
        "MS_SSA_Conv2_v_lif": 0.02465168337304944,
        "MS_SSA_Conv2_kv_before": 0.0016712315068892645,
        "MS_SSA_Conv2_kv": 0.06591407112039316,
        "MS_SSA_Conv2_x_after_qkv": 0.0053059637379912926,
        "MS_SSA_Conv3_first_lif": 0.3141856801014739,
        "MS_SSA_Conv3_q_lif": 0.05312704222318466,
        "MS_SSA_Conv3_k_lif": 0.032119987687220956,
        "MS_SSA_Conv3_v_lif": 0.030956752592334727,
        "MS_SSA_Conv3_kv_before": 0.00266761909768628,
        "MS_SSA_Conv3_kv": 0.06248726174473382,
        "MS_SSA_Conv3_x_after_qkv": 0.008955763876081085,
        "head_lif": 0.47877849700351877
    }
}

===== Early-exit usage =====
expert groups running at low_T=1: 0/160000 (0.0%)   |   overall mean t_e = 0.43
expert groups PRUNED (low entropy): 142897.0/160000 (89.3%)
average active experts (t_e>0): 0.43/4 per block (1.71/16 total)   |   mean t_e among active = 4.00
t_e distribution (over all image x expert): t_e=0: 89.3%  t_e=1: 0.0%  t_e=2: 0.0%  t_e=3: 0.0%  t_e=4: 10.7%
  block.0.mlp  t_e dist: 0:68%  1:0%  2:0%  3:0%  4:32%
  block.1.mlp  t_e dist: 0:92%  1:0%  2:0%  3:0%  4:8%
  block.2.mlp  t_e dist: 0:100%  1:0%  2:0%  3:0%  4:0%
  block.3.mlp  t_e dist: 0:98%  1:0%  2:0%  3:0%  4:2%

Per-layer / per-expert  (mean t_e | %% at low_T | %% pruned | norm entropy | raw entropy):
  block.0.mlp  expert 0: mean t_e = 2.52, t_e=1 in 0.0%, pruned 37.0%, norm entropy = n/a, raw entropy = n/a
  block.0.mlp  expert 1: mean t_e = 0.18, t_e=1 in 0.0%, pruned 95.5%, norm entropy = n/a, raw entropy = n/a
  block.0.mlp  expert 2: mean t_e = 0.88, t_e=1 in 0.0%, pruned 78.0%, norm entropy = n/a, raw entropy = n/a
  block.0.mlp  expert 3: mean t_e = 1.59, t_e=1 in 0.0%, pruned 60.3%, norm entropy = n/a, raw entropy = n/a
  block.1.mlp  expert 0: mean t_e = 0.00, t_e=1 in 0.0%, pruned 100.0%, norm entropy = n/a, raw entropy = n/a
  block.1.mlp  expert 1: mean t_e = 0.90, t_e=1 in 0.0%, pruned 77.5%, norm entropy = n/a, raw entropy = n/a
  block.1.mlp  expert 2: mean t_e = 0.33, t_e=1 in 0.0%, pruned 91.8%, norm entropy = n/a, raw entropy = n/a
  block.1.mlp  expert 3: mean t_e = 0.02, t_e=1 in 0.0%, pruned 99.4%, norm entropy = n/a, raw entropy = n/a
  block.2.mlp  expert 0: mean t_e = 0.00, t_e=1 in 0.0%, pruned 100.0%, norm entropy = n/a, raw entropy = n/a
  block.2.mlp  expert 1: mean t_e = 0.01, t_e=1 in 0.0%, pruned 99.7%, norm entropy = n/a, raw entropy = n/a
  block.2.mlp  expert 2: mean t_e = 0.01, t_e=1 in 0.0%, pruned 99.8%, norm entropy = n/a, raw entropy = n/a
  block.2.mlp  expert 3: mean t_e = 0.00, t_e=1 in 0.0%, pruned 99.9%, norm entropy = n/a, raw entropy = n/a
  block.3.mlp  expert 0: mean t_e = 0.03, t_e=1 in 0.0%, pruned 99.3%, norm entropy = n/a, raw entropy = n/a
  block.3.mlp  expert 1: mean t_e = 0.22, t_e=1 in 0.0%, pruned 94.5%, norm entropy = n/a, raw entropy = n/a
  block.3.mlp  expert 2: mean t_e = 0.15, t_e=1 in 0.0%, pruned 96.2%, norm entropy = n/a, raw entropy = n/a
  block.3.mlp  expert 3: mean t_e = 0.00, t_e=1 in 0.0%, pruned 100.0%, norm entropy = n/a, raw entropy = n/a

===== Routing-entropy structure (raw entropy in [0,1]) =====
(object = top 75% firing tokens, background = bottom 25%)
  block.0.mlp: image=0.700 | object=0.642 | background=0.760 | obj-bg gap=-0.119
  block.1.mlp: image=0.651 | object=0.593 | background=0.709 | obj-bg gap=-0.116
  block.2.mlp: image=0.594 | object=0.558 | background=0.631 | obj-bg gap=-0.073
  block.3.mlp: image=0.503 | object=0.525 | background=0.493 | obj-bg gap=+0.032

Per-expert (mean entropy | mean activity):
  block.0.mlp expert 0: entropy=0.672, activity=88.74
  block.0.mlp expert 1: entropy=0.697, activity=80.71
  block.0.mlp expert 2: entropy=0.736, activity=78.82
  block.0.mlp expert 3: entropy=0.698, activity=84.13
  block.1.mlp expert 0: entropy=0.672, activity=89.83
  block.1.mlp expert 1: entropy=0.615, activity=97.46
  block.1.mlp expert 2: entropy=0.689, activity=84.14
  block.1.mlp expert 3: entropy=0.627, activity=91.13
  block.2.mlp expert 0: entropy=0.608, activity=108.15
  block.2.mlp expert 1: entropy=0.552, activity=114.98
  block.2.mlp expert 2: entropy=0.612, activity=109.20
  block.2.mlp expert 3: entropy=0.601, activity=109.46
  block.3.mlp expert 0: entropy=0.523, activity=143.20
  block.3.mlp expert 1: entropy=0.511, activity=142.23
  block.3.mlp expert 2: entropy=0.516, activity=143.74
  block.3.mlp expert 3: entropy=0.457, activity=141.57
