2026-09-30 16:54:45,236 INFO: compat: torch 1.10.0 (weights_only=no), timm 0.5.4 (shim: timm.models.layers), spikingjelly 0.0.0.0.12 (shim: LIF/PLIF/reset_net, frames cast to float32)
2026-09-30 16:54:45,249 INFO: Training with a single process on 1 GPUs.
2026-09-30 16:54:45,331 INFO:   prune-only: survivors run full T (no timestep reduction)
2026-09-30 16:54:45,331 INFO:   prune-tmean: prune iff T-averaged input entropy < exit_threshold
2026-09-30 16:54:45,331 INFO: Creating model
2026-09-30 16:54:45,332 INFO: number of params: 2368677
2026-09-30 16:54:45,332 INFO:   early_exit=True, exit_metric=input_entropy, exit_mode=absolute, exit_threshold=0.5, exit_low_t=1, prune_threshold=None, entropy_norm=True
2026-09-30 16:54:45,332 INFO: Model sdt created, param count:2368677
INFO:timm.data.config:Data processing configuration for current model + dataset:
Data processing configuration for current model + dataset:
INFO:timm.data.config:	input_size: (3, 64, 64)
	input_size: (3, 64, 64)
INFO:timm.data.config:	interpolation: bicubic
	interpolation: bicubic
INFO:timm.data.config:	mean: (0.5, 0.5, 0.5)
	mean: (0.5, 0.5, 0.5)
INFO:timm.data.config:	std: (0.5, 0.5, 0.5)
	std: (0.5, 0.5, 0.5)
INFO:timm.data.config:	crop_pct: 1.0
	crop_pct: 1.0
2026-09-30 16:54:51,074 INFO: Using native Torch AMP. Training in mixed precision.
2026-09-30 16:54:51,122 INFO: Loaded EMA weights (state_dict_ema) for inference
INFO:timm.models.helpers:Loaded state_dict_ema from checkpoint 'checkpoints/ncaltech/model_best.pth.tar'
Loaded state_dict_ema from checkpoint 'checkpoints/ncaltech/model_best.pth.tar'
2026-09-30 16:55:10,520 INFO: Test: [   0/57]  Time: 19.116 (19.116)  Loss:  1.7354 (1.7354)  Acc@1: 68.7500 (68.7500)  Acc@5: 81.2500 (81.2500)
2026-09-30 16:55:36,963 INFO: Test: [  57/57]  Time: 12.145 (0.786)  Loss:  0.1108 (1.0436)  Acc@1: 100.0000 (76.9147)  Acc@5: 100.0000 (90.1532)
2026-09-30 16:55:37,317 INFO: top-1: 76.91466083150985
2026-09-30 16:55:37,318 INFO: non_zero: 
2026-09-30 16:55:37,318 INFO: {
    "t0": {
        "MS_SPS_lif": 0.10088440467571387,
        "MS_SPS_lif1": 0.23513666788736975,
        "MS_SPS_lif2": 0.01669147370875567,
        "MS_SPS_lif3": 0.08577232799310794,
        "MS_SSA_Conv0_first_lif": 0.12929087671740302,
        "MS_SSA_Conv0_q_lif": 0.016060270112136312,
        "MS_SSA_Conv0_k_lif": 0.2875265143383509,
        "MS_SSA_Conv0_v_lif": 0.28569087762942275,
        "MS_SSA_Conv0_kv_before": 0.18363411125095405,
        "MS_SSA_Conv0_kv": 0.9684525413074717,
        "MS_SSA_Conv0_x_after_qkv": 0.09105750336044138,
        "MS_MLP_Expert0_fc1_lif": 0.06472254347527166,
        "MS_MLP_Expert0_fc2_lif": 0.048886638948287084,
        "MS_SSA_Conv1_first_lif": 0.1301123739659101,
        "MS_SSA_Conv1_q_lif": 0.011545466280531606,
        "MS_SSA_Conv1_k_lif": 0.26016325238107263,
        "MS_SSA_Conv1_v_lif": 0.2716386290802353,
        "MS_SSA_Conv1_kv_before": 0.1677058208947895,
        "MS_SSA_Conv1_kv": 0.9137650413074712,
        "MS_SSA_Conv1_x_after_qkv": 0.0594347372822378,
        "MS_SSA_Conv2_first_lif": 0.18471373634776855,
        "MS_SSA_Conv2_q_lif": 0.010085599175814922,
        "MS_SSA_Conv2_k_lif": 0.27744190172217364,
        "MS_SSA_Conv2_v_lif": 0.27260344055877345,
        "MS_SSA_Conv2_kv_before": 0.15989783714557523,
        "MS_SSA_Conv2_kv": 0.9339192708333337,
        "MS_SSA_Conv2_x_after_qkv": 0.051318420760933,
        "MS_SSA_Conv3_first_lif": 0.2682599034802666,
        "MS_SSA_Conv3_q_lif": 0.009778428351742096,
        "MS_SSA_Conv3_k_lif": 0.2705187523502043,
        "MS_SSA_Conv3_v_lif": 0.2662901823548065,
        "MS_SSA_Conv3_kv_before": 0.1542794019326396,
        "MS_SSA_Conv3_kv": 0.9219816361350575,
        "MS_SSA_Conv3_x_after_qkv": 0.04023812831133262,
        "head_lif": 0.11442618534482757
    },
    "t1": {
        "MS_SPS_lif": 0.29353916782072226,
        "MS_SPS_lif1": 0.19971420025003367,
        "MS_SPS_lif2": 0.017005673770246837,
        "MS_SPS_lif3": 0.09746183198073817,
        "MS_SSA_Conv0_first_lif": 0.13199909254052172,
        "MS_SSA_Conv0_q_lif": 0.01900624680793148,
        "MS_SSA_Conv0_k_lif": 0.345935119979683,
        "MS_SSA_Conv0_v_lif": 0.34402110658842944,
        "MS_SSA_Conv0_kv_before": 0.2318463818780307,
        "MS_SSA_Conv0_kv": 0.9703663793103445,
        "MS_SSA_Conv0_x_after_qkv": 0.1073597217428273,
        "MS_MLP_Expert0_fc1_lif": 0.05403395904891793,
        "MS_MLP_Expert0_fc2_lif": 0.15371465134894707,
        "MS_SSA_Conv1_first_lif": 0.12107265954730156,
        "MS_SSA_Conv1_q_lif": 0.013245900472005209,
        "MS_SSA_Conv1_k_lif": 0.3010826987781744,
        "MS_SSA_Conv1_v_lif": 0.3169305954856434,
        "MS_SSA_Conv1_kv_before": 0.2056795756022136,
        "MS_SSA_Conv1_kv": 0.9208367007902297,
        "MS_SSA_Conv1_x_after_qkv": 0.06745474365935929,
        "MS_SSA_Conv2_first_lif": 0.16498065816945043,
        "MS_SSA_Conv2_q_lif": 0.011505631194717581,
        "MS_SSA_Conv2_k_lif": 0.3336378733317057,
        "MS_SSA_Conv2_v_lif": 0.3283334490896643,
        "MS_SSA_Conv2_kv_before": 0.2034242125763291,
        "MS_SSA_Conv2_kv": 0.9396663972701146,
        "MS_SSA_Conv2_x_after_qkv": 0.055663843264524955,
        "MS_SSA_Conv3_first_lif": 0.23682567991059397,
        "MS_SSA_Conv3_q_lif": 0.011209597532776578,
        "MS_SSA_Conv3_k_lif": 0.3261600582078957,
        "MS_SSA_Conv3_v_lif": 0.312003453572591,
        "MS_SSA_Conv3_kv_before": 0.19615300496419272,
        "MS_SSA_Conv3_kv": 0.9271899694683907,
        "MS_SSA_Conv3_x_after_qkv": 0.04606343411851204,
        "head_lif": 0.11233274964080463
    },
    "t2": {
        "MS_SPS_lif": 0.2567996211435604,
        "MS_SPS_lif1": 0.15507033227503983,
        "MS_SPS_lif2": 0.012729954445499118,
        "MS_SPS_lif3": 0.09919605035891481,
        "MS_SSA_Conv0_first_lif": 0.13448761249410693,
        "MS_SSA_Conv0_q_lif": 0.020536510423682205,
        "MS_SSA_Conv0_k_lif": 0.3472994004172841,
        "MS_SSA_Conv0_v_lif": 0.3466828883379354,
        "MS_SSA_Conv0_kv_before": 0.2298658524436512,
        "MS_SSA_Conv0_kv": 0.970282192887931,
        "MS_SSA_Conv0_x_after_qkv": 0.11525202345574038,
        "MS_MLP_Expert0_fc1_lif": 0.05158286259092133,
        "MS_MLP_Expert0_fc2_lif": 0.3280280540729391,
        "MS_SSA_Conv1_first_lif": 0.12124298358785693,
        "MS_SSA_Conv1_q_lif": 0.014139504268251613,
        "MS_SSA_Conv1_k_lif": 0.30775092113977204,
        "MS_SSA_Conv1_v_lif": 0.32508889560041754,
        "MS_SSA_Conv1_kv_before": 0.20979804554204826,
        "MS_SSA_Conv1_kv": 0.922144396551724,
        "MS_SSA_Conv1_x_after_qkv": 0.07177947033410785,
        "MS_SSA_Conv2_first_lif": 0.16287553721460807,
        "MS_SSA_Conv2_q_lif": 0.012124335628816454,
        "MS_SSA_Conv2_k_lif": 0.3369559364757319,
        "MS_SSA_Conv2_v_lif": 0.33418052497951467,
        "MS_SSA_Conv2_kv_before": 0.20647353687505612,
        "MS_SSA_Conv2_kv": 0.9393352640086203,
        "MS_SSA_Conv2_x_after_qkv": 0.05899885331077138,
        "MS_SSA_Conv3_first_lif": 0.2304226228560525,
        "MS_SSA_Conv3_q_lif": 0.011783994477370687,
        "MS_SSA_Conv3_k_lif": 0.3293939349295079,
        "MS_SSA_Conv3_v_lif": 0.31448747919893816,
        "MS_SSA_Conv3_kv_before": 0.19725128699993263,
        "MS_SSA_Conv3_kv": 0.9253547054597702,
        "MS_SSA_Conv3_x_after_qkv": 0.05005498864184851,
        "head_lif": 0.11016635237068968
    },
    "t3": {
        "MS_SPS_lif": 0.29421977339119737,
        "MS_SPS_lif1": 0.15153163054893756,
        "MS_SPS_lif2": 0.012196444916999205,
        "MS_SPS_lif3": 0.10014823387409078,
        "MS_SSA_Conv0_first_lif": 0.13023420311938758,
        "MS_SSA_Conv0_q_lif": 0.01979643723060345,
        "MS_SSA_Conv0_k_lif": 0.3502734392538838,
        "MS_SSA_Conv0_v_lif": 0.35070469735682697,
        "MS_SSA_Conv0_kv_before": 0.2329093450787424,
        "MS_SSA_Conv0_kv": 0.9707143498563221,
        "MS_SSA_Conv0_x_after_qkv": 0.11283275998871903,
        "MS_MLP_Expert0_fc1_lif": 0.0503686049888874,
        "MS_MLP_Expert0_fc2_lif": 0.31066756412900726,
        "MS_SSA_Conv1_first_lif": 0.11781061106714705,
        "MS_SSA_Conv1_q_lif": 0.013910512814576597,
        "MS_SSA_Conv1_k_lif": 0.3059536725625223,
        "MS_SSA_Conv1_v_lif": 0.323630036978886,
        "MS_SSA_Conv1_kv_before": 0.20924079281160196,
        "MS_SSA_Conv1_kv": 0.9221275592672412,
        "MS_SSA_Conv1_x_after_qkv": 0.07143145594103581,
        "MS_SSA_Conv2_first_lif": 0.157189774787289,
        "MS_SSA_Conv2_q_lif": 0.012606850985823006,
        "MS_SSA_Conv2_k_lif": 0.3412527983216034,
        "MS_SSA_Conv2_v_lif": 0.3373069324712644,
        "MS_SSA_Conv2_kv_before": 0.20889819353476335,
        "MS_SSA_Conv2_kv": 0.9386000359195401,
        "MS_SSA_Conv2_x_after_qkv": 0.0619318074193494,
        "MS_SSA_Conv3_first_lif": 0.22533278629697612,
        "MS_SSA_Conv3_q_lif": 0.01235663753816451,
        "MS_SSA_Conv3_k_lif": 0.3317734948520002,
        "MS_SSA_Conv3_v_lif": 0.31695826300259283,
        "MS_SSA_Conv3_kv_before": 0.19932832389042293,
        "MS_SSA_Conv3_kv": 0.9243837553879313,
        "MS_SSA_Conv3_x_after_qkv": 0.051698925851405335,
        "head_lif": 0.10785964439655174
    },
    "t4": {
        "MS_SPS_lif": 0.13607175322784767,
        "MS_SPS_lif1": 0.10634308299799079,
        "MS_SPS_lif2": 0.012553053340692628,
        "MS_SPS_lif3": 0.10316846562528068,
        "MS_SSA_Conv0_first_lif": 0.1332210891548245,
        "MS_SSA_Conv0_q_lif": 0.02064237923457705,
        "MS_SSA_Conv0_k_lif": 0.3455637131614247,
        "MS_SSA_Conv0_v_lif": 0.34753413584040493,
        "MS_SSA_Conv0_kv_before": 0.22689808374163747,
        "MS_SSA_Conv0_kv": 0.9704112787356324,
        "MS_SSA_Conv0_x_after_qkv": 0.11677283802251705,
        "MS_MLP_Expert0_fc1_lif": 0.04981650429210444,
        "MS_MLP_Expert0_fc2_lif": 0.10115704591246856,
        "MS_SSA_Conv1_first_lif": 0.1186011303430316,
        "MS_SSA_Conv1_q_lif": 0.014226365363460844,
        "MS_SSA_Conv1_k_lif": 0.3071430907852349,
        "MS_SSA_Conv1_v_lif": 0.32484924930265574,
        "MS_SSA_Conv1_kv_before": 0.20911492972538384,
        "MS_SSA_Conv1_kv": 0.9217908135775861,
        "MS_SSA_Conv1_x_after_qkv": 0.07230999826014724,
        "MS_SSA_Conv2_first_lif": 0.1578808488516972,
        "MS_SSA_Conv2_q_lif": 0.01339855413327272,
        "MS_SSA_Conv2_k_lif": 0.33868837904656063,
        "MS_SSA_Conv2_v_lif": 0.33534085065468977,
        "MS_SSA_Conv2_kv_before": 0.20705907098178214,
        "MS_SSA_Conv2_kv": 0.9379770563936782,
        "MS_SSA_Conv2_x_after_qkv": 0.06551988097442978,
        "MS_SSA_Conv3_first_lif": 0.22717570162367545,
        "MS_SSA_Conv3_q_lif": 0.012403970477224767,
        "MS_SSA_Conv3_k_lif": 0.33210333462419184,
        "MS_SSA_Conv3_v_lif": 0.31674161450616245,
        "MS_SSA_Conv3_kv_before": 0.19895538242383934,
        "MS_SSA_Conv3_kv": 0.924383755387931,
        "MS_SSA_Conv3_x_after_qkv": 0.05299603253945537,
        "head_lif": 0.10906631645114939
    },
    "t5": {
        "MS_SPS_lif": 0.3920364708736026,
        "MS_SPS_lif1": 0.1472920604135798,
        "MS_SPS_lif2": 0.013218268580820374,
        "MS_SPS_lif3": 0.10247574729480961,
        "MS_SSA_Conv0_first_lif": 0.13653233407557694,
        "MS_SSA_Conv0_q_lif": 0.021100208677094567,
        "MS_SSA_Conv0_k_lif": 0.34650846459399687,
        "MS_SSA_Conv0_v_lif": 0.34875773287367545,
        "MS_SSA_Conv0_kv_before": 0.22906494140625006,
        "MS_SSA_Conv0_kv": 0.970203618893678,
        "MS_SSA_Conv0_x_after_qkv": 0.11854952231220817,
        "MS_MLP_Expert0_fc1_lif": 0.049482784052004763,
        "MS_MLP_Expert0_fc2_lif": 0.4683374865301724,
        "MS_SSA_Conv1_first_lif": 0.12114366991766569,
        "MS_SSA_Conv1_q_lif": 0.014485830548165858,
        "MS_SSA_Conv1_k_lif": 0.30796474149857445,
        "MS_SSA_Conv1_v_lif": 0.32541174176095555,
        "MS_SSA_Conv1_kv_before": 0.21026199165431936,
        "MS_SSA_Conv1_kv": 0.921745914152299,
        "MS_SSA_Conv1_x_after_qkv": 0.07293115813156653,
        "MS_SSA_Conv2_first_lif": 0.15975265941400638,
        "MS_SSA_Conv2_q_lif": 0.013281504313151043,
        "MS_SSA_Conv2_k_lif": 0.34235061996284577,
        "MS_SSA_Conv2_v_lif": 0.33817813040196215,
        "MS_SSA_Conv2_kv_before": 0.20961800936994884,
        "MS_SSA_Conv2_kv": 0.9380780801005745,
        "MS_SSA_Conv2_x_after_qkv": 0.06468152451789243,
        "MS_SSA_Conv3_first_lif": 0.22699437196227323,
        "MS_SSA_Conv3_q_lif": 0.01257769266764323,
        "MS_SSA_Conv3_k_lif": 0.3343000740840516,
        "MS_SSA_Conv3_v_lif": 0.3184977564318427,
        "MS_SSA_Conv3_kv_before": 0.2008607360138291,
        "MS_SSA_Conv3_kv": 0.9234520923132181,
        "MS_SSA_Conv3_x_after_qkv": 0.05405086210404318,
        "head_lif": 0.10766320941091952
    },
    "t6": {
        "MS_SPS_lif": 0.1327972521727112,
        "MS_SPS_lif1": 0.14934786434831282,
        "MS_SPS_lif2": 0.012916211424202751,
        "MS_SPS_lif3": 0.10170276685692797,
        "MS_SSA_Conv0_first_lif": 0.13644244753081228,
        "MS_SSA_Conv0_q_lif": 0.020928240370476383,
        "MS_SSA_Conv0_k_lif": 0.34676735976646683,
        "MS_SSA_Conv0_v_lif": 0.3473725592953035,
        "MS_SSA_Conv0_kv_before": 0.22756633539309443,
        "MS_SSA_Conv0_kv": 0.9701587194683903,
        "MS_SSA_Conv0_x_after_qkv": 0.11874115604093707,
        "MS_MLP_Expert0_fc1_lif": 0.049460422033551096,
        "MS_MLP_Expert0_fc2_lif": 0.05833371480305988,
        "MS_SSA_Conv1_first_lif": 0.12148216949112113,
        "MS_SSA_Conv1_q_lif": 0.014560809080628147,
        "MS_SSA_Conv1_k_lif": 0.3088479535333042,
        "MS_SSA_Conv1_v_lif": 0.3268197815993737,
        "MS_SSA_Conv1_kv_before": 0.21087742947984014,
        "MS_SSA_Conv1_kv": 0.9221387841235634,
        "MS_SSA_Conv1_x_after_qkv": 0.07391195187623475,
        "MS_SSA_Conv2_first_lif": 0.16152693211347205,
        "MS_SSA_Conv2_q_lif": 0.01288580620425871,
        "MS_SSA_Conv2_k_lif": 0.34172130453175525,
        "MS_SSA_Conv2_v_lif": 0.33804391444414517,
        "MS_SSA_Conv2_kv_before": 0.208740190527905,
        "MS_SSA_Conv2_kv": 0.9388918821839078,
        "MS_SSA_Conv2_x_after_qkv": 0.06343523661295573,
        "MS_SSA_Conv3_first_lif": 0.22765582731400413,
        "MS_SSA_Conv3_q_lif": 0.013029032740099675,
        "MS_SSA_Conv3_k_lif": 0.33378182334461426,
        "MS_SSA_Conv3_v_lif": 0.3180937492984464,
        "MS_SSA_Conv3_kv_before": 0.20081399501055136,
        "MS_SSA_Conv3_kv": 0.9243107938218391,
        "MS_SSA_Conv3_x_after_qkv": 0.0565447971738618,
        "head_lif": 0.10651827406609196
    },
    "t7": {
        "MS_SPS_lif": 0.27967966013941276,
        "MS_SPS_lif1": 0.14061749118498,
        "MS_SPS_lif2": 0.012525857180014423,
        "MS_SPS_lif3": 0.09949081245510058,
        "MS_SSA_Conv0_first_lif": 0.13427287134630922,
        "MS_SSA_Conv0_q_lif": 0.020817570302678255,
        "MS_SSA_Conv0_k_lif": 0.3496872912878277,
        "MS_SSA_Conv0_v_lif": 0.35258062954606684,
        "MS_SSA_Conv0_kv_before": 0.23224238691658808,
        "MS_SSA_Conv0_kv": 0.9705291397270117,
        "MS_SSA_Conv0_x_after_qkv": 0.11848984641590342,
        "MS_MLP_Expert0_fc1_lif": 0.0495245045629041,
        "MS_MLP_Expert0_fc2_lif": 0.3147411346435548,
        "MS_SSA_Conv1_first_lif": 0.12074514367114543,
        "MS_SSA_Conv1_q_lif": 0.014462591587812053,
        "MS_SSA_Conv1_k_lif": 0.309378459535796,
        "MS_SSA_Conv1_v_lif": 0.32737589430534975,
        "MS_SSA_Conv1_kv_before": 0.21113141377766928,
        "MS_SSA_Conv1_kv": 0.9215270294540232,
        "MS_SSA_Conv1_x_after_qkv": 0.07390114356731546,
        "MS_SSA_Conv2_first_lif": 0.1606066035128188,
        "MS_SSA_Conv2_q_lif": 0.012834285867625271,
        "MS_SSA_Conv2_k_lif": 0.3436900610211253,
        "MS_SSA_Conv2_v_lif": 0.3393402538080325,
        "MS_SSA_Conv2_kv_before": 0.21056868016034708,
        "MS_SSA_Conv2_kv": 0.9390153556034482,
        "MS_SSA_Conv2_x_after_qkv": 0.06288258782748517,
        "MS_SSA_Conv3_first_lif": 0.2262835228580168,
        "MS_SSA_Conv3_q_lif": 0.012871884751593935,
        "MS_SSA_Conv3_k_lif": 0.3342742481450925,
        "MS_SSA_Conv3_v_lif": 0.3192726442183572,
        "MS_SSA_Conv3_kv_before": 0.201089025913984,
        "MS_SSA_Conv3_kv": 0.924737338362069,
        "MS_SSA_Conv3_x_after_qkv": 0.05711638790437543,
        "head_lif": 0.1070346174568966
    },
    "t8": {
        "MS_SPS_lif": 0.24996986608395633,
        "MS_SPS_lif1": 0.12392614079617911,
        "MS_SPS_lif2": 0.013092219144448464,
        "MS_SPS_lif3": 0.10277254828091324,
        "MS_SSA_Conv0_first_lif": 0.1381599382422436,
        "MS_SSA_Conv0_q_lif": 0.021123995726135953,
        "MS_SSA_Conv0_k_lif": 0.3466069670929305,
        "MS_SSA_Conv0_v_lif": 0.3455657958984375,
        "MS_SSA_Conv0_kv_before": 0.2262538164511494,
        "MS_SSA_Conv0_kv": 0.9706301634339085,
        "MS_SSA_Conv0_x_after_qkv": 0.12022886605098324,
        "MS_MLP_Expert0_fc1_lif": 0.049557104878041935,
        "MS_MLP_Expert0_fc2_lif": 0.33200141205184763,
        "MS_SSA_Conv1_first_lif": 0.12254353227286503,
        "MS_SSA_Conv1_q_lif": 0.014730321949925919,
        "MS_SSA_Conv1_k_lif": 0.30890973409016925,
        "MS_SSA_Conv1_v_lif": 0.3247413854489381,
        "MS_SSA_Conv1_kv_before": 0.2089889570214282,
        "MS_SSA_Conv1_kv": 0.9217908135775863,
        "MS_SSA_Conv1_x_after_qkv": 0.07509619614173625,
        "MS_SSA_Conv2_first_lif": 0.1617943993930159,
        "MS_SSA_Conv2_q_lif": 0.012854323990043553,
        "MS_SSA_Conv2_k_lif": 0.3429531009717919,
        "MS_SSA_Conv2_v_lif": 0.33970262812471935,
        "MS_SSA_Conv2_kv_before": 0.21053053318769083,
        "MS_SSA_Conv2_kv": 0.9391949533045977,
        "MS_SSA_Conv2_x_after_qkv": 0.06320120274335489,
        "MS_SSA_Conv3_first_lif": 0.22726968787182336,
        "MS_SSA_Conv3_q_lif": 0.013025393431214081,
        "MS_SSA_Conv3_k_lif": 0.3356449741056597,
        "MS_SSA_Conv3_v_lif": 0.32025236370919763,
        "MS_SSA_Conv3_kv_before": 0.202520699336611,
        "MS_SSA_Conv3_kv": 0.9249057112068964,
        "MS_SSA_Conv3_x_after_qkv": 0.05748908821193652,
        "head_lif": 0.10619836566091954
    },
    "t9": {
        "MS_SPS_lif": 0.28567261531435206,
        "MS_SPS_lif1": 0.1355714962400239,
        "MS_SPS_lif2": 0.013025952481675424,
        "MS_SPS_lif3": 0.10229610574656516,
        "MS_SSA_Conv0_first_lif": 0.13516145465017737,
        "MS_SSA_Conv0_q_lif": 0.021074119655565285,
        "MS_SSA_Conv0_k_lif": 0.3481725495437095,
        "MS_SSA_Conv0_v_lif": 0.35199285923749557,
        "MS_SSA_Conv0_kv_before": 0.23192717015058148,
        "MS_SSA_Conv0_kv": 0.9715113146551726,
        "MS_SSA_Conv0_x_after_qkv": 0.12025567854958022,
        "MS_MLP_Expert0_fc1_lif": 0.049550593584433374,
        "MS_MLP_Expert0_fc2_lif": 0.21240749578366336,
        "MS_SSA_Conv1_first_lif": 0.12075237844182152,
        "MS_SSA_Conv1_q_lif": 0.014545462597375625,
        "MS_SSA_Conv1_k_lif": 0.3098916459357601,
        "MS_SSA_Conv1_v_lif": 0.32748204812236203,
        "MS_SSA_Conv1_kv_before": 0.2113796102589575,
        "MS_SSA_Conv1_kv": 0.9221668462643677,
        "MS_SSA_Conv1_x_after_qkv": 0.07443338153006017,
        "MS_SSA_Conv2_first_lif": 0.16067191376083204,
        "MS_SSA_Conv2_q_lif": 0.013149020315586837,
        "MS_SSA_Conv2_k_lif": 0.34409514240834904,
        "MS_SSA_Conv2_v_lif": 0.33994209903410105,
        "MS_SSA_Conv2_kv_before": 0.21130116780598965,
        "MS_SSA_Conv2_kv": 0.9393633261494254,
        "MS_SSA_Conv2_x_after_qkv": 0.06486443267471491,
        "MS_SSA_Conv3_first_lif": 0.22830068654027477,
        "MS_SSA_Conv3_q_lif": 0.012835667051117999,
        "MS_SSA_Conv3_k_lif": 0.33529967823247797,
        "MS_SSA_Conv3_v_lif": 0.31996159169865757,
        "MS_SSA_Conv3_kv_before": 0.20137644362175602,
        "MS_SSA_Conv3_kv": 0.9243893678160918,
        "MS_SSA_Conv3_x_after_qkv": 0.05640834501419942,
        "head_lif": 0.10645653735632186
    },
    "t10": {
        "MS_SPS_lif": 0.13413843615301724,
        "MS_SPS_lif1": 0.12551872757659563,
        "MS_SPS_lif2": 0.013915916969036234,
        "MS_SPS_lif3": 0.10688430961521195,
        "MS_SSA_Conv0_first_lif": 0.13766900424299566,
        "MS_SSA_Conv0_q_lif": 0.021071357288579826,
        "MS_SSA_Conv0_k_lif": 0.34599003846617965,
        "MS_SSA_Conv0_v_lif": 0.344713408371498,
        "MS_SSA_Conv0_kv_before": 0.22505429147303788,
        "MS_SSA_Conv0_kv": 0.9718817349137933,
        "MS_SSA_Conv0_x_after_qkv": 0.12071245566181753,
        "MS_MLP_Expert0_fc1_lif": 0.04938899511578438,
        "MS_MLP_Expert0_fc2_lif": 0.04143550478178879,
        "MS_SSA_Conv1_first_lif": 0.12185752254793018,
        "MS_SSA_Conv1_q_lif": 0.014657535772213993,
        "MS_SSA_Conv1_k_lif": 0.30946391752396507,
        "MS_SSA_Conv1_v_lif": 0.32553096201228005,
        "MS_SSA_Conv1_kv_before": 0.21006084310597395,
        "MS_SSA_Conv1_kv": 0.9225316540948275,
        "MS_SSA_Conv1_x_after_qkv": 0.07492332896967041,
        "MS_SSA_Conv2_first_lif": 0.16085863661492011,
        "MS_SSA_Conv2_q_lif": 0.013282447025693695,
        "MS_SSA_Conv2_k_lif": 0.3417069007610452,
        "MS_SSA_Conv2_v_lif": 0.33817896349676735,
        "MS_SSA_Conv2_kv_before": 0.20952691703007142,
        "MS_SSA_Conv2_kv": 0.9389255567528737,
        "MS_SSA_Conv2_x_after_qkv": 0.0658624802512684,
        "MS_SSA_Conv3_first_lif": 0.22831723881864,
        "MS_SSA_Conv3_q_lif": 0.012852087788198184,
        "MS_SSA_Conv3_k_lif": 0.33500897199258023,
        "MS_SSA_Conv3_v_lif": 0.3191756763677487,
        "MS_SSA_Conv3_kv_before": 0.200866743065845,
        "MS_SSA_Conv3_kv": 0.9249955100574709,
        "MS_SSA_Conv3_x_after_qkv": 0.05595981115582346,
        "head_lif": 0.10549681214080454
    },
    "t11": {
        "MS_SPS_lif": 0.3889493394172055,
        "MS_SPS_lif1": 0.1753362567945459,
        "MS_SPS_lif2": 0.015833101053347537,
        "MS_SPS_lif3": 0.09997192470506687,
        "MS_SSA_Conv0_first_lif": 0.13125893165325297,
        "MS_SSA_Conv0_q_lif": 0.02003362809104481,
        "MS_SSA_Conv0_k_lif": 0.3480877931090608,
        "MS_SSA_Conv0_v_lif": 0.3486283620198566,
        "MS_SSA_Conv0_kv_before": 0.23039545958069557,
        "MS_SSA_Conv0_kv": 0.971337329382184,
        "MS_SSA_Conv0_x_after_qkv": 0.11366287319139501,
        "MS_MLP_Expert0_fc1_lif": 0.049363366488752704,
        "MS_MLP_Expert0_fc2_lif": 0.6265214284261068,
        "MS_SSA_Conv1_first_lif": 0.11813553996469782,
        "MS_SSA_Conv1_q_lif": 0.014544476037737963,
        "MS_SSA_Conv1_k_lif": 0.30932145831228675,
        "MS_SSA_Conv1_v_lif": 0.32703934592762224,
        "MS_SSA_Conv1_kv_before": 0.21161748074937137,
        "MS_SSA_Conv1_kv": 0.922077047413793,
        "MS_SSA_Conv1_x_after_qkv": 0.07388827444493086,
        "MS_SSA_Conv2_first_lif": 0.15845103647517064,
        "MS_SSA_Conv2_q_lif": 0.013055297150008988,
        "MS_SSA_Conv2_k_lif": 0.34229217178520105,
        "MS_SSA_Conv2_v_lif": 0.33968980284942984,
        "MS_SSA_Conv2_kv_before": 0.2103088861224295,
        "MS_SSA_Conv2_kv": 0.9383979885057472,
        "MS_SSA_Conv2_x_after_qkv": 0.06446516102757947,
        "MS_SSA_Conv3_first_lif": 0.2246311231591235,
        "MS_SSA_Conv3_q_lif": 0.012869034690418463,
        "MS_SSA_Conv3_k_lif": 0.33463852981041214,
        "MS_SSA_Conv3_v_lif": 0.31944459060142777,
        "MS_SSA_Conv3_kv_before": 0.20173831369685027,
        "MS_SSA_Conv3_kv": 0.9241985452586208,
        "MS_SSA_Conv3_x_after_qkv": 0.05654082901176367,
        "head_lif": 0.10709635416666666
    },
    "t12": {
        "MS_SPS_lif": 0.12485972218129826,
        "MS_SPS_lif1": 0.10803900093867859,
        "MS_SPS_lif2": 0.012595036934162009,
        "MS_SPS_lif3": 0.09900003192068514,
        "MS_SSA_Conv0_first_lif": 0.13054884987315912,
        "MS_SSA_Conv0_q_lif": 0.019650733333894572,
        "MS_SSA_Conv0_k_lif": 0.3445749830925602,
        "MS_SSA_Conv0_v_lif": 0.34940103552807333,
        "MS_SSA_Conv0_kv_before": 0.22891849210892598,
        "MS_SSA_Conv0_kv": 0.9711352819683909,
        "MS_SSA_Conv0_x_after_qkv": 0.11265077262089174,
        "MS_MLP_Expert0_fc1_lif": 0.04970719348425153,
        "MS_MLP_Expert0_fc2_lif": 0.0414599933843503,
        "MS_SSA_Conv1_first_lif": 0.11723941496048854,
        "MS_SSA_Conv1_q_lif": 0.014250590883452319,
        "MS_SSA_Conv1_k_lif": 0.30990243232113185,
        "MS_SSA_Conv1_v_lif": 0.32734691137554994,
        "MS_SSA_Conv1_kv_before": 0.21208675428368584,
        "MS_SSA_Conv1_kv": 0.9218525502873562,
        "MS_SSA_Conv1_x_after_qkv": 0.07303711463665143,
        "MS_SSA_Conv2_first_lif": 0.15891452219294405,
        "MS_SSA_Conv2_q_lif": 0.012916148394003688,
        "MS_SSA_Conv2_k_lif": 0.3426436500987788,
        "MS_SSA_Conv2_v_lif": 0.3390637101798223,
        "MS_SSA_Conv2_kv_before": 0.21025572151973326,
        "MS_SSA_Conv2_kv": 0.9390041307471263,
        "MS_SSA_Conv2_x_after_qkv": 0.0639563154900211,
        "MS_SSA_Conv3_first_lif": 0.22681330538344105,
        "MS_SSA_Conv3_q_lif": 0.012956728880432826,
        "MS_SSA_Conv3_k_lif": 0.33423949932229935,
        "MS_SSA_Conv3_v_lif": 0.3190189887737406,
        "MS_SSA_Conv3_kv_before": 0.20123896105536104,
        "MS_SSA_Conv3_kv": 0.9239572108477012,
        "MS_SSA_Conv3_x_after_qkv": 0.056196103150817175,
        "head_lif": 0.10942551185344825
    },
    "t13": {
        "MS_SPS_lif": 0.27783717232188954,
        "MS_SPS_lif1": 0.18928233508406012,
        "MS_SPS_lif2": 0.01603957428329292,
        "MS_SPS_lif3": 0.0996681739544046,
        "MS_SSA_Conv0_first_lif": 0.13628358950560118,
        "MS_SSA_Conv0_q_lif": 0.02125494507537492,
        "MS_SSA_Conv0_k_lif": 0.3492210870501639,
        "MS_SSA_Conv0_v_lif": 0.3524608831296022,
        "MS_SSA_Conv0_kv_before": 0.2337987834009631,
        "MS_SSA_Conv0_kv": 0.9709781339798851,
        "MS_SSA_Conv0_x_after_qkv": 0.11907542436972432,
        "MS_MLP_Expert0_fc1_lif": 0.05020643650800334,
        "MS_MLP_Expert0_fc2_lif": 0.16981587464782014,
        "MS_SSA_Conv1_first_lif": 0.12255370479890672,
        "MS_SSA_Conv1_q_lif": 0.015013289177554779,
        "MS_SSA_Conv1_k_lif": 0.31035184312140796,
        "MS_SSA_Conv1_v_lif": 0.32772132171981644,
        "MS_SSA_Conv1_kv_before": 0.21157981609476023,
        "MS_SSA_Conv1_kv": 0.9218749999999999,
        "MS_SSA_Conv1_x_after_qkv": 0.07592319620066677,
        "MS_SSA_Conv2_first_lif": 0.16368252107466774,
        "MS_SSA_Conv2_q_lif": 0.013075839514019845,
        "MS_SSA_Conv2_k_lif": 0.3429757260728157,
        "MS_SSA_Conv2_v_lif": 0.339531997154499,
        "MS_SSA_Conv2_kv_before": 0.2100948903752469,
        "MS_SSA_Conv2_kv": 0.9389367816091952,
        "MS_SSA_Conv2_x_after_qkv": 0.06416822850019083,
        "MS_SSA_Conv3_first_lif": 0.23080102328596444,
        "MS_SSA_Conv3_q_lif": 0.012875852913692082,
        "MS_SSA_Conv3_k_lif": 0.335259623911189,
        "MS_SSA_Conv3_v_lif": 0.320257471895766,
        "MS_SSA_Conv3_kv_before": 0.20241344934222344,
        "MS_SSA_Conv3_kv": 0.9241199712643677,
        "MS_SSA_Conv3_x_after_qkv": 0.056870186465910126,
        "head_lif": 0.11127761314655174
    },
    "t14": {
        "MS_SPS_lif": 0.266728006560227,
        "MS_SPS_lif1": 0.12965111348820826,
        "MS_SPS_lif2": 0.012796270436254045,
        "MS_SPS_lif3": 0.096002206035044,
        "MS_SSA_Conv0_first_lif": 0.13566966440485811,
        "MS_SSA_Conv0_q_lif": 0.020516121524503855,
        "MS_SSA_Conv0_k_lif": 0.34842550343480605,
        "MS_SSA_Conv0_v_lif": 0.3497039093368356,
        "MS_SSA_Conv0_kv_before": 0.23083353590691227,
        "MS_SSA_Conv0_kv": 0.9705572018678161,
        "MS_SSA_Conv0_x_after_qkv": 0.11688210498327499,
        "MS_MLP_Expert0_fc1_lif": 0.050396119041004404,
        "MS_MLP_Expert0_fc2_lif": 0.38771677565300616,
        "MS_SSA_Conv1_first_lif": 0.1221541919927487,
        "MS_SSA_Conv1_q_lif": 0.014518693945873743,
        "MS_SSA_Conv1_k_lif": 0.3093847735174771,
        "MS_SSA_Conv1_v_lif": 0.3270024705207211,
        "MS_SSA_Conv1_kv_before": 0.21079789084949713,
        "MS_SSA_Conv1_kv": 0.9213418193247127,
        "MS_SSA_Conv1_x_after_qkv": 0.0740674775222252,
        "MS_SSA_Conv2_first_lif": 0.16342527016826053,
        "MS_SSA_Conv2_q_lif": 0.0127868433108275,
        "MS_SSA_Conv2_k_lif": 0.34257250818712953,
        "MS_SSA_Conv2_v_lif": 0.33880413537737974,
        "MS_SSA_Conv2_kv_before": 0.2097482571656676,
        "MS_SSA_Conv2_kv": 0.9392398527298851,
        "MS_SSA_Conv2_x_after_qkv": 0.06321141911649156,
        "MS_SSA_Conv3_first_lif": 0.2309888203938801,
        "MS_SSA_Conv3_q_lif": 0.012924282030127517,
        "MS_SSA_Conv3_k_lif": 0.3341438688080886,
        "MS_SSA_Conv3_v_lif": 0.3190607750552824,
        "MS_SSA_Conv3_kv_before": 0.2006260005907081,
        "MS_SSA_Conv3_kv": 0.9252761314655171,
        "MS_SSA_Conv3_x_after_qkv": 0.05664825439453125,
        "head_lif": 0.11190059267241378
    },
    "t15": {
        "MS_SPS_lif": 0.28424460312415817,
        "MS_SPS_lif1": 0.14397408496374373,
        "MS_SPS_lif2": 0.01263549136019301,
        "MS_SPS_lif3": 0.09787004843525504,
        "MS_SSA_Conv0_first_lif": 0.13731862210679327,
        "MS_SSA_Conv0_q_lif": 0.020628545476102288,
        "MS_SSA_Conv0_k_lif": 0.3483719003611598,
        "MS_SSA_Conv0_v_lif": 0.3531490852092875,
        "MS_SSA_Conv0_kv_before": 0.23251191500959723,
        "MS_SSA_Conv0_kv": 0.9702429058908046,
        "MS_SSA_Conv0_x_after_qkv": 0.11772004489240975,
        "MS_MLP_Expert0_fc1_lif": 0.050560479876638816,
        "MS_MLP_Expert0_fc2_lif": 0.3150918017858746,
        "MS_SSA_Conv1_first_lif": 0.12234538725052758,
        "MS_SSA_Conv1_q_lif": 0.014187122213429418,
        "MS_SSA_Conv1_k_lif": 0.30801641530004037,
        "MS_SSA_Conv1_v_lif": 0.32719877396506825,
        "MS_SSA_Conv1_kv_before": 0.2108453991769374,
        "MS_SSA_Conv1_kv": 0.9205448545258622,
        "MS_SSA_Conv1_x_after_qkv": 0.07251651807763113,
        "MS_SSA_Conv2_first_lif": 0.1624195931971758,
        "MS_SSA_Conv2_q_lif": 0.012717871830381202,
        "MS_SSA_Conv2_k_lif": 0.3433808513071345,
        "MS_SSA_Conv2_v_lif": 0.3392500384100553,
        "MS_SSA_Conv2_kv_before": 0.21011549850990027,
        "MS_SSA_Conv2_kv": 0.9395765984195402,
        "MS_SSA_Conv2_x_after_qkv": 0.062351511812758185,
        "MS_SSA_Conv3_first_lif": 0.23054390392084229,
        "MS_SSA_Conv3_q_lif": 0.012420215825924927,
        "MS_SSA_Conv3_k_lif": 0.3348862220501077,
        "MS_SSA_Conv3_v_lif": 0.3191595187132386,
        "MS_SSA_Conv3_kv_before": 0.2009288963230176,
        "MS_SSA_Conv3_kv": 0.9259608477011494,
        "MS_SSA_Conv3_x_after_qkv": 0.05489562023645157,
        "head_lif": 0.1103908494971265
    }
}
2026-09-30 16:55:37,318 INFO: firing_rate: 
2026-09-30 16:55:37,318 INFO: {
    "t0": {
        "MS_SPS_lif": 0.10088479929956895,
        "MS_SPS_lif1": 0.23512846848060343,
        "MS_SPS_lif2": 0.01669232598666487,
        "MS_SPS_lif3": 0.08577333647629311,
        "MS_SSA_Conv0_first_lif": 0.12929035055226293,
        "MS_SSA_Conv0_q_lif": 0.016060664735991374,
        "MS_SSA_Conv0_k_lif": 0.2875176791487069,
        "MS_SSA_Conv0_v_lif": 0.28569504310344834,
        "MS_SSA_Conv0_kv_before": 0.18363163389008622,
        "MS_SSA_Conv0_kv": 0.9684525594629094,
        "MS_SSA_Conv0_x_after_qkv": 0.09105750558705168,
        "MS_MLP_Expert0_fc1_lif": 0.06472278463429419,
        "MS_MLP_Expert0_fc2_lif": 0.04888521391769935,
        "MS_SSA_Conv1_first_lif": 0.1301143251616379,
        "MS_SSA_Conv1_q_lif": 0.011545444356984104,
        "MS_SSA_Conv1_k_lif": 0.26016761516702586,
        "MS_SSA_Conv1_v_lif": 0.27162959657866387,
        "MS_SSA_Conv1_kv_before": 0.1676993534482759,
        "MS_SSA_Conv1_kv": 0.9137650604905753,
        "MS_SSA_Conv1_x_after_qkv": 0.05943473910206351,
        "MS_SSA_Conv2_first_lif": 0.18471763873922417,
        "MS_SSA_Conv2_q_lif": 0.010085533405172412,
        "MS_SSA_Conv2_k_lif": 0.27744477370689646,
        "MS_SSA_Conv2_v_lif": 0.27260615907866376,
        "MS_SSA_Conv2_kv_before": 0.1598973767510776,
        "MS_SSA_Conv2_kv": 0.9339192900164377,
        "MS_SSA_Conv2_x_after_qkv": 0.051318422088335286,
        "MS_SSA_Conv3_first_lif": 0.2682747676454742,
        "MS_SSA_Conv3_q_lif": 0.009778252963362072,
        "MS_SSA_Conv3_k_lif": 0.27050781249999994,
        "MS_SSA_Conv3_v_lif": 0.26629638671874994,
        "MS_SSA_Conv3_kv_before": 0.1542831947063577,
        "MS_SSA_Conv3_kv": 0.9219816553181615,
        "MS_SSA_Conv3_x_after_qkv": 0.04023812942463776,
        "head_lif": 0.11442829000538791
    },
    "t1": {
        "MS_SPS_lif": 0.29352858970905166,
        "MS_SPS_lif1": 0.1997091359105603,
        "MS_SPS_lif2": 0.017005262703731143,
        "MS_SPS_lif3": 0.09745841190732757,
        "MS_SSA_Conv0_first_lif": 0.13199589170258622,
        "MS_SSA_Conv0_q_lif": 0.01900653181404903,
        "MS_SSA_Conv0_k_lif": 0.34592621901939646,
        "MS_SSA_Conv0_v_lif": 0.34401939655172414,
        "MS_SSA_Conv0_kv_before": 0.23184730266702594,
        "MS_SSA_Conv0_kv": 0.9703664008913366,
        "MS_SSA_Conv0_x_after_qkv": 0.1073597246973679,
        "MS_MLP_Expert0_fc1_lif": 0.05403347673087286,
        "MS_MLP_Expert0_fc2_lif": 0.1537223026670259,
        "MS_SSA_Conv1_first_lif": 0.1210716510641164,
        "MS_SSA_Conv1_q_lif": 0.013246075860385238,
        "MS_SSA_Conv1_k_lif": 0.30109273976293094,
        "MS_SSA_Conv1_v_lif": 0.316932415140086,
        "MS_SSA_Conv1_kv_before": 0.20568426724137928,
        "MS_SSA_Conv1_kv": 0.920836716890335,
        "MS_SSA_Conv1_x_after_qkv": 0.0674547460572473,
        "MS_SSA_Conv2_first_lif": 0.16498749831627157,
        "MS_SSA_Conv2_q_lif": 0.011505390035695043,
        "MS_SSA_Conv2_k_lif": 0.33363079202586204,
        "MS_SSA_Conv2_v_lif": 0.3283312567349138,
        "MS_SSA_Conv2_kv_before": 0.20342386179956898,
        "MS_SSA_Conv2_kv": 0.939666419193662,
        "MS_SSA_Conv2_x_after_qkv": 0.05566384476320496,
        "MS_SSA_Conv3_first_lif": 0.23682272023168108,
        "MS_SSA_Conv3_q_lif": 0.011209948309536635,
        "MS_SSA_Conv3_k_lif": 0.32616766567887917,
        "MS_SSA_Conv3_v_lif": 0.31200330010775856,
        "MS_SSA_Conv3_kv_before": 0.1961522595635776,
        "MS_SSA_Conv3_kv": 0.9271899893366057,
        "MS_SSA_Conv3_x_after_qkv": 0.04606343523181718,
        "head_lif": 0.11233310041756465
    },
    "t2": {
        "MS_SPS_lif": 0.25679173962823276,
        "MS_SPS_lif1": 0.15507559940732762,
        "MS_SPS_lif2": 0.012730236711173223,
        "MS_SPS_lif3": 0.09919580919989227,
        "MS_SSA_Conv0_first_lif": 0.1344888621363146,
        "MS_SSA_Conv0_q_lif": 0.020536488500134696,
        "MS_SSA_Conv0_k_lif": 0.34729424838362066,
        "MS_SSA_Conv0_v_lif": 0.3466796874999999,
        "MS_SSA_Conv0_kv_before": 0.2298541891163793,
        "MS_SSA_Conv0_kv": 0.9702822154965894,
        "MS_SSA_Conv0_x_after_qkv": 0.11525202658155868,
        "MS_MLP_Expert0_fc1_lif": 0.05158417800377155,
        "MS_MLP_Expert0_fc2_lif": 0.3280239762931035,
        "MS_SSA_Conv1_first_lif": 0.12124002390894398,
        "MS_SSA_Conv1_q_lif": 0.014138978103111524,
        "MS_SSA_Conv1_k_lif": 0.3077350484913793,
        "MS_SSA_Conv1_v_lif": 0.3250900794719826,
        "MS_SSA_Conv1_kv_before": 0.20979045999461204,
        "MS_SSA_Conv1_kv": 0.9221444160773834,
        "MS_SSA_Conv1_x_after_qkv": 0.07177947313878044,
        "MS_SSA_Conv2_first_lif": 0.16287968076508627,
        "MS_SSA_Conv2_q_lif": 0.01212481794686153,
        "MS_SSA_Conv2_k_lif": 0.33696457435344823,
        "MS_SSA_Conv2_v_lif": 0.33418642241379315,
        "MS_SSA_Conv2_kv_before": 0.2064714102909482,
        "MS_SSA_Conv2_kv": 0.9393352835342798,
        "MS_SSA_Conv2_x_after_qkv": 0.05899885470240281,
        "MS_SSA_Conv3_first_lif": 0.23042665678879315,
        "MS_SSA_Conv3_q_lif": 0.011784520642510772,
        "MS_SSA_Conv3_k_lif": 0.32939621497844834,
        "MS_SSA_Conv3_v_lif": 0.3144910088900861,
        "MS_SSA_Conv3_kv_before": 0.1972508923760776,
        "MS_SSA_Conv3_kv": 0.9253547222449863,
        "MS_SSA_Conv3_x_after_qkv": 0.05005498994784108,
        "head_lif": 0.11016845703125001
    },
    "t3": {
        "MS_SPS_lif": 0.29422102303340525,
        "MS_SPS_lif1": 0.1515271417025862,
        "MS_SPS_lif2": 0.012196573717840786,
        "MS_SPS_lif3": 0.10014922043372845,
        "MS_SSA_Conv0_first_lif": 0.13023850013469823,
        "MS_SSA_Conv0_q_lif": 0.01979591106546336,
        "MS_SSA_Conv0_k_lif": 0.35028286637931044,
        "MS_SSA_Conv0_v_lif": 0.35071221713362066,
        "MS_SSA_Conv0_kv_before": 0.23291436557112075,
        "MS_SSA_Conv0_kv": 0.9707143686968707,
        "MS_SSA_Conv0_x_after_qkv": 0.11283276320017618,
        "MS_MLP_Expert0_fc1_lif": 0.05036768419989226,
        "MS_MLP_Expert0_fc2_lif": 0.3106647359913791,
        "MS_SSA_Conv1_first_lif": 0.11780837486530171,
        "MS_SSA_Conv1_q_lif": 0.013910227808459052,
        "MS_SSA_Conv1_k_lif": 0.30595450565732774,
        "MS_SSA_Conv1_v_lif": 0.3236294450431034,
        "MS_SSA_Conv1_kv_before": 0.2092390389278017,
        "MS_SSA_Conv1_kv": 0.9221275777652344,
        "MS_SSA_Conv1_x_after_qkv": 0.07143145818905583,
        "MS_SSA_Conv2_first_lif": 0.15718867860991378,
        "MS_SSA_Conv2_q_lif": 0.01260704829775054,
        "MS_SSA_Conv2_k_lif": 0.34124966325431033,
        "MS_SSA_Conv2_v_lif": 0.3373013200431035,
        "MS_SSA_Conv2_kv_before": 0.2089001885775862,
        "MS_SSA_Conv2_kv": 0.9386000561303105,
        "MS_SSA_Conv2_x_after_qkv": 0.06193180902507798,
        "MS_SSA_Conv3_first_lif": 0.2253312735721983,
        "MS_SSA_Conv3_q_lif": 0.012356856773639551,
        "MS_SSA_Conv3_k_lif": 0.33176606276939646,
        "MS_SSA_Conv3_v_lif": 0.31694925242456895,
        "MS_SSA_Conv3_kv_before": 0.1993302970096983,
        "MS_SSA_Conv3_kv": 0.924383775941257,
        "MS_SSA_Conv3_x_after_qkv": 0.05169892722162705,
        "head_lif": 0.10786017056169181
    },
    "t4": {
        "MS_SPS_lif": 0.1360799855199353,
        "MS_SPS_lif1": 0.10634218413254311,
        "MS_SPS_lif2": 0.012553182141534216,
        "MS_SPS_lif3": 0.10317361765894395,
        "MS_SSA_Conv0_first_lif": 0.13322396113954738,
        "MS_SSA_Conv0_q_lif": 0.020642642317147086,
        "MS_SSA_Conv0_k_lif": 0.34557263604525856,
        "MS_SSA_Conv0_v_lif": 0.34754259832974144,
        "MS_SSA_Conv0_kv_before": 0.22690766433189655,
        "MS_SSA_Conv0_kv": 0.9704113027145125,
        "MS_SSA_Conv0_x_after_qkv": 0.11677284101987706,
        "MS_MLP_Expert0_fc1_lif": 0.04981705238079204,
        "MS_MLP_Expert0_fc2_lif": 0.10115524818157326,
        "MS_SSA_Conv1_first_lif": 0.11860604121767239,
        "MS_SSA_Conv1_q_lif": 0.014226584598935884,
        "MS_SSA_Conv1_k_lif": 0.3071625808189655,
        "MS_SSA_Conv1_v_lif": 0.32483331088362066,
        "MS_SSA_Conv1_kv_before": 0.20910854997306036,
        "MS_SSA_Conv1_kv": 0.9217908351585781,
        "MS_SSA_Conv1_x_after_qkv": 0.07231000065803525,
        "MS_SSA_Conv2_first_lif": 0.1578874259159483,
        "MS_SSA_Conv2_q_lif": 0.013398795292295259,
        "MS_SSA_Conv2_k_lif": 0.33868618669181033,
        "MS_SSA_Conv2_v_lif": 0.33533556707974127,
        "MS_SSA_Conv2_kv_before": 0.20706492456896552,
        "MS_SSA_Conv2_kv": 0.9379770745491159,
        "MS_SSA_Conv2_x_after_qkv": 0.0655198828156652,
        "MS_SSA_Conv3_first_lif": 0.2271686422413793,
        "MS_SSA_Conv3_q_lif": 0.012404080094962284,
        "MS_SSA_Conv3_k_lif": 0.33210280845905177,
        "MS_SSA_Conv3_v_lif": 0.3167472050107758,
        "MS_SSA_Conv3_kv_before": 0.19895987675107757,
        "MS_SSA_Conv3_kv": 0.9243837779965894,
        "MS_SSA_Conv3_x_after_qkv": 0.0529960339310868,
        "head_lif": 0.10907035038389008
    },
    "t5": {
        "MS_SPS_lif": 0.3920351225754309,
        "MS_SPS_lif1": 0.14729256465517243,
        "MS_SPS_lif2": 0.013218189107960665,
        "MS_SPS_lif3": 0.10247697501346982,
        "MS_SSA_Conv0_first_lif": 0.13653985385237075,
        "MS_SSA_Conv0_q_lif": 0.021100800612877148,
        "MS_SSA_Conv0_k_lif": 0.34651552397629315,
        "MS_SSA_Conv0_v_lif": 0.34874646417025856,
        "MS_SSA_Conv0_kv_before": 0.2290691507273707,
        "MS_SSA_Conv0_kv": 0.9702036401321147,
        "MS_SSA_Conv0_x_after_qkv": 0.1185495256093042,
        "MS_MLP_Expert0_fc1_lif": 0.04948425292968751,
        "MS_MLP_Expert0_fc2_lif": 0.46834169585129315,
        "MS_SSA_Conv1_first_lif": 0.12114636651400863,
        "MS_SSA_Conv1_q_lif": 0.01448598401299839,
        "MS_SSA_Conv1_k_lif": 0.3079665611530173,
        "MS_SSA_Conv1_v_lif": 0.32540156923491376,
        "MS_SSA_Conv1_kv_before": 0.21025979929956898,
        "MS_SSA_Conv1_kv": 0.9217459384737344,
        "MS_SSA_Conv1_x_after_qkv": 0.07293116025112825,
        "MS_SSA_Conv2_first_lif": 0.15975636449353448,
        "MS_SSA_Conv2_q_lif": 0.013281197383485993,
        "MS_SSA_Conv2_k_lif": 0.3423482960668104,
        "MS_SSA_Conv2_v_lif": 0.33818106815732757,
        "MS_SSA_Conv2_kv_before": 0.2096157731681034,
        "MS_SSA_Conv2_kv": 0.9380781003113448,
        "MS_SSA_Conv2_x_after_qkv": 0.0646815268515513,
        "MS_SSA_Conv3_first_lif": 0.22699395541487066,
        "MS_SSA_Conv3_q_lif": 0.012577714591190732,
        "MS_SSA_Conv3_k_lif": 0.33430428340517243,
        "MS_SSA_Conv3_v_lif": 0.31849407327586204,
        "MS_SSA_Conv3_kv_before": 0.2008624898976293,
        "MS_SSA_Conv3_kv": 0.9234521090984343,
        "MS_SSA_Conv3_x_after_qkv": 0.05405086343144548,
        "head_lif": 0.10766391096443967
    },
    "t6": {
        "MS_SPS_lif": 0.13279145339439657,
        "MS_SPS_lif1": 0.14934881802262934,
        "MS_SPS_lif2": 0.012916301858836209,
        "MS_SPS_lif3": 0.10170140759698276,
        "MS_SSA_Conv0_first_lif": 0.13644303946659486,
        "MS_SSA_Conv0_q_lif": 0.02092782382307382,
        "MS_SSA_Conv0_k_lif": 0.34677229256465514,
        "MS_SSA_Conv0_v_lif": 0.3473658068426723,
        "MS_SSA_Conv0_kv_before": 0.2275685277478448,
        "MS_SSA_Conv0_kv": 0.9701587372812728,
        "MS_SSA_Conv0_x_after_qkv": 0.11874115916675537,
        "MS_MLP_Expert0_fc1_lif": 0.04946057549838361,
        "MS_MLP_Expert0_fc2_lif": 0.058334350585937486,
        "MS_SSA_Conv1_first_lif": 0.12147469356142242,
        "MS_SSA_Conv1_q_lif": 0.014560699462890625,
        "MS_SSA_Conv1_k_lif": 0.30884209994612055,
        "MS_SSA_Conv1_v_lif": 0.32680748248922403,
        "MS_SSA_Conv1_kv_before": 0.21087646484375006,
        "MS_SSA_Conv1_kv": 0.9221388039917783,
        "MS_SSA_Conv1_x_after_qkv": 0.07391195442399075,
        "MS_SSA_Conv2_first_lif": 0.16152743635506464,
        "MS_SSA_Conv2_q_lif": 0.012885784280711202,
        "MS_SSA_Conv2_k_lif": 0.34172110721982746,
        "MS_SSA_Conv2_v_lif": 0.33803795123922425,
        "MS_SSA_Conv2_kv_before": 0.20874023437499994,
        "MS_SSA_Conv2_kv": 0.9388918999967903,
        "MS_SSA_Conv2_x_after_qkv": 0.06343523830432317,
        "MS_SSA_Conv3_first_lif": 0.2276590281519397,
        "MS_SSA_Conv3_q_lif": 0.013029032740099672,
        "MS_SSA_Conv3_k_lif": 0.3337823275862069,
        "MS_SSA_Conv3_v_lif": 0.3180941877693965,
        "MS_SSA_Conv3_kv_before": 0.20081408270474135,
        "MS_SSA_Conv3_kv": 0.9243108106070552,
        "MS_SSA_Conv3_x_after_qkv": 0.05654479852267381,
        "head_lif": 0.1065195017847522
    },
    "t7": {
        "MS_SPS_lif": 0.27967360924030177,
        "MS_SPS_lif1": 0.140612372036638,
        "MS_SPS_lif2": 0.012525887324892241,
        "MS_SPS_lif3": 0.09949151400862072,
        "MS_SSA_Conv0_first_lif": 0.13426787277747845,
        "MS_SSA_Conv0_q_lif": 0.020817723767510777,
        "MS_SSA_Conv0_k_lif": 0.34969356142241387,
        "MS_SSA_Conv0_v_lif": 0.3525811557112068,
        "MS_SSA_Conv0_kv_before": 0.2322429788523706,
        "MS_SSA_Conv0_kv": 0.9705291616505591,
        "MS_SSA_Conv0_x_after_qkv": 0.11848985082630457,
        "MS_MLP_Expert0_fc1_lif": 0.0495258199757543,
        "MS_MLP_Expert0_fc2_lif": 0.3147309401939655,
        "MS_SSA_Conv1_first_lif": 0.12074963799838362,
        "MS_SSA_Conv1_q_lif": 0.01446256966426455,
        "MS_SSA_Conv1_k_lif": 0.3093724744073276,
        "MS_SSA_Conv1_v_lif": 0.32736311287715514,
        "MS_SSA_Conv1_kv_before": 0.2111290241109914,
        "MS_SSA_Conv1_kv": 0.9215270465817946,
        "MS_SSA_Conv1_x_after_qkv": 0.07390114645762688,
        "MS_SSA_Conv2_first_lif": 0.16060349036907332,
        "MS_SSA_Conv2_q_lif": 0.012834614720837825,
        "MS_SSA_Conv2_k_lif": 0.34369527882543105,
        "MS_SSA_Conv2_v_lif": 0.33933021282327586,
        "MS_SSA_Conv2_kv_before": 0.2105670797413793,
        "MS_SSA_Conv2_kv": 0.9390153761567741,
        "MS_SSA_Conv2_x_after_qkv": 0.06288258962590118,
        "MS_SSA_Conv3_first_lif": 0.22628678946659486,
        "MS_SSA_Conv3_q_lif": 0.012871840904498924,
        "MS_SSA_Conv3_k_lif": 0.33427902747844834,
        "MS_SSA_Conv3_v_lif": 0.31926858836206895,
        "MS_SSA_Conv3_kv_before": 0.20107926993534486,
        "MS_SSA_Conv3_kv": 0.9247373599430609,
        "MS_SSA_Conv3_x_after_qkv": 0.05711638914613887,
        "head_lif": 0.1070398791082974
    },
    "t8": {
        "MS_SPS_lif": 0.24996422077047417,
        "MS_SPS_lif1": 0.12392451845366383,
        "MS_SPS_lif2": 0.01309230409819504,
        "MS_SPS_lif3": 0.10277373215247844,
        "MS_SSA_Conv0_first_lif": 0.1381614948141164,
        "MS_SSA_Conv0_q_lif": 0.021124214961611,
        "MS_SSA_Conv0_k_lif": 0.34659550107758624,
        "MS_SSA_Conv0_v_lif": 0.34556421740301724,
        "MS_SSA_Conv0_kv_before": 0.22625732421875,
        "MS_SSA_Conv0_kv": 0.9706301791914582,
        "MS_SSA_Conv0_x_after_qkv": 0.12022886990473182,
        "MS_MLP_Expert0_fc1_lif": 0.04955791604929955,
        "MS_MLP_Expert0_fc2_lif": 0.33200599407327586,
        "MS_SSA_Conv1_first_lif": 0.1225407041352371,
        "MS_SSA_Conv1_q_lif": 0.014730124637998382,
        "MS_SSA_Conv1_k_lif": 0.3089094490840517,
        "MS_SSA_Conv1_v_lif": 0.32473228717672414,
        "MS_SSA_Conv1_kv_before": 0.208984375,
        "MS_SSA_Conv1_kv": 0.921790834130912,
        "MS_SSA_Conv1_x_after_qkv": 0.07509619819706884,
        "MS_SSA_Conv2_first_lif": 0.16179367591594826,
        "MS_SSA_Conv2_q_lif": 0.012854082831021017,
        "MS_SSA_Conv2_k_lif": 0.34297127559267243,
        "MS_SSA_Conv2_v_lif": 0.33969221443965525,
        "MS_SSA_Conv2_kv_before": 0.21053130051185348,
        "MS_SSA_Conv2_kv": 0.9391949721451465,
        "MS_SSA_Conv2_x_after_qkv": 0.06320120413498632,
        "MS_SSA_Conv3_first_lif": 0.22726335196659486,
        "MS_SSA_Conv3_q_lif": 0.013025744207974142,
        "MS_SSA_Conv3_k_lif": 0.33565126616379315,
        "MS_SSA_Conv3_v_lif": 0.32024515086206895,
        "MS_SSA_Conv3_kv_before": 0.20251254377693967,
        "MS_SSA_Conv3_kv": 0.9249057327878885,
        "MS_SSA_Conv3_x_after_qkv": 0.05748908947510966,
        "head_lif": 0.10619801488415945
    },
    "t9": {
        "MS_SPS_lif": 0.2856803104795259,
        "MS_SPS_lif1": 0.1355759193157328,
        "MS_SPS_lif2": 0.013026401914399247,
        "MS_SPS_lif3": 0.10229702653556033,
        "MS_SSA_Conv0_first_lif": 0.13516130118534483,
        "MS_SSA_Conv0_q_lif": 0.02107449235587285,
        "MS_SSA_Conv0_k_lif": 0.3481697871767243,
        "MS_SSA_Conv0_v_lif": 0.35198764143318956,
        "MS_SSA_Conv0_kv_before": 0.2319272797683189,
        "MS_SSA_Conv0_kv": 0.971511334180832,
        "MS_SSA_Conv0_x_after_qkv": 0.1202556819751345,
        "MS_MLP_Expert0_fc1_lif": 0.049548708159348046,
        "MS_MLP_Expert0_fc2_lif": 0.2124107623922414,
        "MS_SSA_Conv1_first_lif": 0.12075279498922414,
        "MS_SSA_Conv1_q_lif": 0.014545572215113147,
        "MS_SSA_Conv1_k_lif": 0.3098860115840517,
        "MS_SSA_Conv1_v_lif": 0.32747255522629315,
        "MS_SSA_Conv1_kv_before": 0.211377374057112,
        "MS_SSA_Conv1_kv": 0.922166866475138,
        "MS_SSA_Conv1_x_after_qkv": 0.07443338369244133,
        "MS_SSA_Conv2_first_lif": 0.16068136280980608,
        "MS_SSA_Conv2_q_lif": 0.01314886685075431,
        "MS_SSA_Conv2_k_lif": 0.3440993736530171,
        "MS_SSA_Conv2_v_lif": 0.33994477370689674,
        "MS_SSA_Conv2_kv_before": 0.21130792025862072,
        "MS_SSA_Conv2_kv": 0.9393633429346415,
        "MS_SSA_Conv2_x_after_qkv": 0.0648644347514572,
        "MS_SSA_Conv3_first_lif": 0.2283051589439655,
        "MS_SSA_Conv3_q_lif": 0.012835667051117994,
        "MS_SSA_Conv3_k_lif": 0.3352934738685345,
        "MS_SSA_Conv3_v_lif": 0.3199547077047414,
        "MS_SSA_Conv3_kv_before": 0.20138023639547414,
        "MS_SSA_Conv3_kv": 0.9243893900821948,
        "MS_SSA_Conv3_x_after_qkv": 0.056408346148914275,
        "head_lif": 0.10645478347252155
    },
    "t10": {
        "MS_SPS_lif": 0.13413527916217674,
        "MS_SPS_lif1": 0.12551669416756467,
        "MS_SPS_lif2": 0.013915489459859912,
        "MS_SPS_lif3": 0.10688308189655173,
        "MS_SSA_Conv0_first_lif": 0.13766479492187506,
        "MS_SSA_Conv0_q_lif": 0.021071598447602376,
        "MS_SSA_Conv0_k_lif": 0.3459893588362069,
        "MS_SSA_Conv0_v_lif": 0.3447223531788792,
        "MS_SSA_Conv0_kv_before": 0.22505766769935348,
        "MS_SSA_Conv0_kv": 0.971881755467119,
        "MS_SSA_Conv0_x_after_qkv": 0.12071245934428844,
        "MS_MLP_Expert0_fc1_lif": 0.04938928012190194,
        "MS_MLP_Expert0_fc2_lif": 0.04143629402949891,
        "MS_SSA_Conv1_first_lif": 0.12186300343480602,
        "MS_SSA_Conv1_q_lif": 0.014657776931236531,
        "MS_SSA_Conv1_k_lif": 0.30946087015086204,
        "MS_SSA_Conv1_v_lif": 0.3255320581896552,
        "MS_SSA_Conv1_kv_before": 0.21005775188577577,
        "MS_SSA_Conv1_kv": 0.9225316767034858,
        "MS_SSA_Conv1_x_after_qkv": 0.07492333156024586,
        "MS_SSA_Conv2_first_lif": 0.16085920662715517,
        "MS_SSA_Conv2_q_lif": 0.013282118172481143,
        "MS_SSA_Conv2_k_lif": 0.3417253165409482,
        "MS_SSA_Conv2_v_lif": 0.33817685883620685,
        "MS_SSA_Conv2_kv_before": 0.20952527276400862,
        "MS_SSA_Conv2_kv": 0.9389255786764212,
        "MS_SSA_Conv2_x_after_qkv": 0.0658624823494204,
        "MS_SSA_Conv3_first_lif": 0.2283177869073276,
        "MS_SSA_Conv3_q_lif": 0.012851846629175646,
        "MS_SSA_Conv3_k_lif": 0.3349988213900862,
        "MS_SSA_Conv3_v_lif": 0.3191633553340517,
        "MS_SSA_Conv3_kv_before": 0.20086459455818964,
        "MS_SSA_Conv3_kv": 0.9249955312959075,
        "MS_SSA_Conv3_x_after_qkv": 0.05595981239758689,
        "head_lif": 0.10549611058728445
    },
    "t11": {
        "MS_SPS_lif": 0.38894548087284475,
        "MS_SPS_lif1": 0.17533085264008622,
        "MS_SPS_lif2": 0.015833756019329206,
        "MS_SPS_lif3": 0.09996927195581896,
        "MS_SSA_Conv0_first_lif": 0.1312518941945043,
        "MS_SSA_Conv0_q_lif": 0.020033474626212296,
        "MS_SSA_Conv0_k_lif": 0.3480898100754311,
        "MS_SSA_Conv0_v_lif": 0.3486243938577586,
        "MS_SSA_Conv0_kv_before": 0.23038666823814663,
        "MS_SSA_Conv0_kv": 0.9713373471950664,
        "MS_SSA_Conv0_x_after_qkv": 0.11366287644567159,
        "MS_MLP_Expert0_fc1_lif": 0.0493608672043373,
        "MS_MLP_Expert0_fc2_lif": 0.62652377424569,
        "MS_SSA_Conv1_first_lif": 0.11813459725215512,
        "MS_SSA_Conv1_q_lif": 0.014544388343547952,
        "MS_SSA_Conv1_k_lif": 0.30933879983836204,
        "MS_SSA_Conv1_v_lif": 0.3270389951508619,
        "MS_SSA_Conv1_kv_before": 0.2116257240032328,
        "MS_SSA_Conv1_kv": 0.9220770669394526,
        "MS_SSA_Conv1_x_after_qkv": 0.07388827641462457,
        "MS_SSA_Conv2_first_lif": 0.15844831795528017,
        "MS_SSA_Conv2_q_lif": 0.013055867162244075,
        "MS_SSA_Conv2_k_lif": 0.34231041217672414,
        "MS_SSA_Conv2_v_lif": 0.33970063308189646,
        "MS_SSA_Conv2_kv_before": 0.21031031115301727,
        "MS_SSA_Conv2_kv": 0.9383980066611849,
        "MS_SSA_Conv2_x_after_qkv": 0.06446516295445377,
        "MS_SSA_Conv3_first_lif": 0.2246283169450431,
        "MS_SSA_Conv3_q_lif": 0.012868946996228455,
        "MS_SSA_Conv3_k_lif": 0.33462840113146547,
        "MS_SSA_Conv3_v_lif": 0.31944958917025873,
        "MS_SSA_Conv3_kv_before": 0.20172961004849144,
        "MS_SSA_Conv3_kv": 0.9241985617012813,
        "MS_SSA_Conv3_x_after_qkv": 0.0565408302535271,
        "head_lif": 0.10709828343884698
    },
    "t12": {
        "MS_SPS_lif": 0.12485898774245689,
        "MS_SPS_lif1": 0.108038540544181,
        "MS_SPS_lif2": 0.012595209582098598,
        "MS_SPS_lif3": 0.09900218042834051,
        "MS_SSA_Conv0_first_lif": 0.13055209455818959,
        "MS_SSA_Conv0_q_lif": 0.01965029486294451,
        "MS_SSA_Conv0_k_lif": 0.34456239897629304,
        "MS_SSA_Conv0_v_lif": 0.34941153690732757,
        "MS_SSA_Conv0_kv_before": 0.22892603380926718,
        "MS_SSA_Conv0_kv": 0.9711353049196046,
        "MS_SSA_Conv0_x_after_qkv": 0.11265077570389061,
        "MS_MLP_Expert0_fc1_lif": 0.04970708386651402,
        "MS_MLP_Expert0_fc2_lif": 0.04145891913052263,
        "MS_SSA_Conv1_first_lif": 0.11723590719288793,
        "MS_SSA_Conv1_q_lif": 0.014250262030239765,
        "MS_SSA_Conv1_k_lif": 0.30989863954741376,
        "MS_SSA_Conv1_v_lif": 0.3273504849137932,
        "MS_SSA_Conv1_kv_before": 0.21208874932650867,
        "MS_SSA_Conv1_kv": 0.921852566044906,
        "MS_SSA_Conv1_x_after_qkv": 0.07303711707735885,
        "MS_SSA_Conv2_first_lif": 0.1589187095905172,
        "MS_SSA_Conv2_q_lif": 0.012916959565261316,
        "MS_SSA_Conv2_k_lif": 0.3426303205818966,
        "MS_SSA_Conv2_v_lif": 0.3390608162715519,
        "MS_SSA_Conv2_kv_before": 0.21025138065732762,
        "MS_SSA_Conv2_kv": 0.939004148902564,
        "MS_SSA_Conv2_x_after_qkv": 0.06395631784508968,
        "MS_SSA_Conv3_first_lif": 0.22681295460668105,
        "MS_SSA_Conv3_q_lif": 0.012956685033337821,
        "MS_SSA_Conv3_k_lif": 0.3342327249461208,
        "MS_SSA_Conv3_v_lif": 0.31902444773706884,
        "MS_SSA_Conv3_kv_before": 0.20124132879849133,
        "MS_SSA_Conv3_kv": 0.9239572327712486,
        "MS_SSA_Conv3_x_after_qkv": 0.056196104413990325,
        "head_lif": 0.10942709034886854
    },
    "t13": {
        "MS_SPS_lif": 0.27782150794719823,
        "MS_SPS_lif1": 0.18928054283405174,
        "MS_SPS_lif2": 0.016039618130387935,
        "MS_SPS_lif3": 0.09966830549568971,
        "MS_SSA_Conv0_first_lif": 0.13628518992456895,
        "MS_SSA_Conv0_q_lif": 0.02125523008149246,
        "MS_SSA_Conv0_k_lif": 0.3492136988146551,
        "MS_SSA_Conv0_v_lif": 0.35245487607758597,
        "MS_SSA_Conv0_kv_before": 0.23380253232758624,
        "MS_SSA_Conv0_kv": 0.970978152135323,
        "MS_SSA_Conv0_x_after_qkv": 0.11907542792373692,
        "MS_MLP_Expert0_fc1_lif": 0.05020641458445582,
        "MS_MLP_Expert0_fc2_lif": 0.16981453731142243,
        "MS_SSA_Conv1_first_lif": 0.122552279768319,
        "MS_SSA_Conv1_q_lif": 0.015012938400794726,
        "MS_SSA_Conv1_k_lif": 0.3103532462284483,
        "MS_SSA_Conv1_v_lif": 0.3277166958512931,
        "MS_SSA_Conv1_kv_before": 0.21158363079202586,
        "MS_SSA_Conv1_kv": 0.9218750195256595,
        "MS_SSA_Conv1_x_after_qkv": 0.07592319857714507,
        "MS_SSA_Conv2_first_lif": 0.16368260876885773,
        "MS_SSA_Conv2_q_lif": 0.013075729896282327,
        "MS_SSA_Conv2_k_lif": 0.34297127559267254,
        "MS_SSA_Conv2_v_lif": 0.33953226023706895,
        "MS_SSA_Conv2_kv_before": 0.2100872171336206,
        "MS_SSA_Conv2_kv": 0.9389368007922992,
        "MS_SSA_Conv2_x_after_qkv": 0.06416823104794683,
        "MS_SSA_Conv3_first_lif": 0.23080128636853445,
        "MS_SSA_Conv3_q_lif": 0.012875392519194506,
        "MS_SSA_Conv3_k_lif": 0.33525979929956906,
        "MS_SSA_Conv3_v_lif": 0.3202619881465517,
        "MS_SSA_Conv3_kv_before": 0.2024157293911638,
        "MS_SSA_Conv3_kv": 0.9241199925028044,
        "MS_SSA_Conv3_x_after_qkv": 0.05687018766485413,
        "head_lif": 0.11127498232085127
    },
    "t14": {
        "MS_SPS_lif": 0.2667089001885776,
        "MS_SPS_lif1": 0.1296544568292026,
        "MS_SPS_lif2": 0.012796336206896556,
        "MS_SPS_lif3": 0.09600303912984914,
        "MS_SSA_Conv0_first_lif": 0.1356737860317888,
        "MS_SSA_Conv0_q_lif": 0.020515441894531253,
        "MS_SSA_Conv0_k_lif": 0.34843497440732757,
        "MS_SSA_Conv0_v_lif": 0.3497061893857759,
        "MS_SSA_Conv0_kv_before": 0.23084127491918105,
        "MS_SSA_Conv0_kv": 0.9705572210509201,
        "MS_SSA_Conv0_x_after_qkv": 0.11688210776653785,
        "MS_MLP_Expert0_fc1_lif": 0.05039372937432652,
        "MS_MLP_Expert0_fc2_lif": 0.38769952182112055,
        "MS_SSA_Conv1_first_lif": 0.12215239426185345,
        "MS_SSA_Conv1_q_lif": 0.014518737792968753,
        "MS_SSA_Conv1_k_lif": 0.309380893049569,
        "MS_SSA_Conv1_v_lif": 0.3270011112607758,
        "MS_SSA_Conv1_kv_before": 0.21080069706357754,
        "MS_SSA_Conv1_kv": 0.9213418364524841,
        "MS_SSA_Conv1_x_after_qkv": 0.07406747951332865,
        "MS_SSA_Conv2_first_lif": 0.16341847386853442,
        "MS_SSA_Conv2_q_lif": 0.012786865234374998,
        "MS_SSA_Conv2_k_lif": 0.3425798087284483,
        "MS_SSA_Conv2_v_lif": 0.33880404768318984,
        "MS_SSA_Conv2_kv_before": 0.20973994814116378,
        "MS_SSA_Conv2_kv": 0.9392398698576566,
        "MS_SSA_Conv2_x_after_qkv": 0.06321142119323385,
        "MS_SSA_Conv3_first_lif": 0.23098018251616376,
        "MS_SSA_Conv3_q_lif": 0.012924325877222526,
        "MS_SSA_Conv3_k_lif": 0.3341485385237071,
        "MS_SSA_Conv3_v_lif": 0.31908337823275856,
        "MS_SSA_Conv3_kv_before": 0.2006204539331896,
        "MS_SSA_Conv3_kv": 0.9252761520188428,
        "MS_SSA_Conv3_x_after_qkv": 0.05664825567911411,
        "head_lif": 0.11189796184671337
    },
    "t15": {
        "MS_SPS_lif": 0.284247036637931,
        "MS_SPS_lif1": 0.14396720096982757,
        "MS_SPS_lif2": 0.012635461215315192,
        "MS_SPS_lif3": 0.0978719777074353,
        "MS_SSA_Conv0_first_lif": 0.13732173525053878,
        "MS_SSA_Conv0_q_lif": 0.020628830482219827,
        "MS_SSA_Conv0_k_lif": 0.34836762526939663,
        "MS_SSA_Conv0_v_lif": 0.35314941406249983,
        "MS_SSA_Conv0_kv_before": 0.23250606142241387,
        "MS_SSA_Conv0_kv": 0.970242923703687,
        "MS_SSA_Conv0_x_after_qkv": 0.11772004784695035,
        "MS_MLP_Expert0_fc1_lif": 0.05056078680630387,
        "MS_MLP_Expert0_fc2_lif": 0.31508873248922414,
        "MS_SSA_Conv1_first_lif": 0.12234707536368536,
        "MS_SSA_Conv1_q_lif": 0.014187253754714437,
        "MS_SSA_Conv1_k_lif": 0.3080212823275862,
        "MS_SSA_Conv1_v_lif": 0.32719894935344834,
        "MS_SSA_Conv1_kv_before": 0.21085120891702586,
        "MS_SSA_Conv1_kv": 0.9205448719961891,
        "MS_SSA_Conv1_x_after_qkv": 0.07251652053974826,
        "MS_SSA_Conv2_first_lif": 0.1624229694234914,
        "MS_SSA_Conv2_q_lif": 0.012718200683593755,
        "MS_SSA_Conv2_k_lif": 0.3433795797413794,
        "MS_SSA_Conv2_v_lif": 0.3392376077586207,
        "MS_SSA_Conv2_kv_before": 0.21011247306034478,
        "MS_SSA_Conv2_kv": 0.9395766217133095,
        "MS_SSA_Conv2_x_after_qkv": 0.062351513525535335,
        "MS_SSA_Conv3_first_lif": 0.2305445177801724,
        "MS_SSA_Conv3_q_lif": 0.012420654296874998,
        "MS_SSA_Conv3_k_lif": 0.334893588362069,
        "MS_SSA_Conv3_v_lif": 0.31917177397629315,
        "MS_SSA_Conv3_kv_before": 0.20092773437500003,
        "MS_SSA_Conv3_kv": 0.9259608696246968,
        "MS_SSA_Conv3_x_after_qkv": 0.05489562143539559,
        "head_lif": 0.11039049872036638
    }
}

===== Early-exit usage =====
expert groups running at low_T=1: 0/14624 (0.0%)   |   overall mean t_e = 2.67
expert groups PRUNED (low entropy): 12182.0/14624 (83.3%)
average active experts (t_e>0): 0.67/4 per block (2.67/16 total)   |   mean t_e among active = 16.00
t_e distribution (over all image x expert): t_e=0: 83.3%  t_e=1: 0.0%  t_e=2: 0.0%  t_e=3: 0.0%  t_e=4: 0.0%  t_e=5: 0.0%  t_e=6: 0.0%  t_e=7: 0.0%  t_e=8: 0.0%  t_e=9: 0.0%  t_e=10: 0.0%  t_e=11: 0.0%  t_e=12: 0.0%  t_e=13: 0.0%  t_e=14: 0.0%  t_e=15: 0.0%  t_e=16: 16.7%
  block.0.mlp  t_e dist: 0:100%  1:0%  2:0%  3:0%  4:0%  5:0%  6:0%  7:0%  8:0%  9:0%  10:0%  11:0%  12:0%  13:0%  14:0%  15:0%  16:0%
  block.1.mlp  t_e dist: 0:96%  1:0%  2:0%  3:0%  4:0%  5:0%  6:0%  7:0%  8:0%  9:0%  10:0%  11:0%  12:0%  13:0%  14:0%  15:0%  16:4%
  block.2.mlp  t_e dist: 0:80%  1:0%  2:0%  3:0%  4:0%  5:0%  6:0%  7:0%  8:0%  9:0%  10:0%  11:0%  12:0%  13:0%  14:0%  15:0%  16:20%
  block.3.mlp  t_e dist: 0:57%  1:0%  2:0%  3:0%  4:0%  5:0%  6:0%  7:0%  8:0%  9:0%  10:0%  11:0%  12:0%  13:0%  14:0%  15:0%  16:43%

Per-layer / per-expert  (mean t_e | %% at low_T | %% pruned | norm entropy | raw entropy):
  block.0.mlp  expert 0: mean t_e = 0.02, t_e=1 in 0.0%, pruned 99.9%, norm entropy = n/a, raw entropy = n/a
  block.0.mlp  expert 1: mean t_e = 0.00, t_e=1 in 0.0%, pruned 100.0%, norm entropy = n/a, raw entropy = n/a
  block.0.mlp  expert 2: mean t_e = 0.21, t_e=1 in 0.0%, pruned 98.7%, norm entropy = n/a, raw entropy = n/a
  block.0.mlp  expert 3: mean t_e = 0.02, t_e=1 in 0.0%, pruned 99.9%, norm entropy = n/a, raw entropy = n/a
  block.1.mlp  expert 0: mean t_e = 0.00, t_e=1 in 0.0%, pruned 100.0%, norm entropy = n/a, raw entropy = n/a
  block.1.mlp  expert 1: mean t_e = 2.61, t_e=1 in 0.0%, pruned 83.7%, norm entropy = n/a, raw entropy = n/a
  block.1.mlp  expert 2: mean t_e = 0.05, t_e=1 in 0.0%, pruned 99.7%, norm entropy = n/a, raw entropy = n/a
  block.1.mlp  expert 3: mean t_e = 0.12, t_e=1 in 0.0%, pruned 99.2%, norm entropy = n/a, raw entropy = n/a
  block.2.mlp  expert 0: mean t_e = 7.54, t_e=1 in 0.0%, pruned 52.8%, norm entropy = n/a, raw entropy = n/a
  block.2.mlp  expert 1: mean t_e = 3.99, t_e=1 in 0.0%, pruned 75.1%, norm entropy = n/a, raw entropy = n/a
  block.2.mlp  expert 2: mean t_e = 0.00, t_e=1 in 0.0%, pruned 100.0%, norm entropy = n/a, raw entropy = n/a
  block.2.mlp  expert 3: mean t_e = 0.98, t_e=1 in 0.0%, pruned 93.9%, norm entropy = n/a, raw entropy = n/a
  block.3.mlp  expert 0: mean t_e = 0.82, t_e=1 in 0.0%, pruned 94.9%, norm entropy = n/a, raw entropy = n/a
  block.3.mlp  expert 1: mean t_e = 9.66, t_e=1 in 0.0%, pruned 39.6%, norm entropy = n/a, raw entropy = n/a
  block.3.mlp  expert 2: mean t_e = 0.72, t_e=1 in 0.0%, pruned 95.5%, norm entropy = n/a, raw entropy = n/a
  block.3.mlp  expert 3: mean t_e = 16.00, t_e=1 in 0.0%, pruned 0.0%, norm entropy = n/a, raw entropy = n/a

===== Routing-entropy structure (raw entropy in [0,1]) =====
(object = top 75% firing tokens, background = bottom 25%)
  block.0.mlp: image=0.373 | object=0.239 | background=0.581 | obj-bg gap=-0.342
  block.1.mlp: image=0.320 | object=0.205 | background=0.483 | obj-bg gap=-0.277
  block.2.mlp: image=0.275 | object=0.171 | background=0.413 | obj-bg gap=-0.242
  block.3.mlp: image=0.204 | object=0.162 | background=0.260 | obj-bg gap=-0.098

Per-expert (mean entropy | mean activity):
  block.0.mlp expert 0: entropy=0.415, activity=20.15
  block.0.mlp expert 1: entropy=0.363, activity=25.01
  block.0.mlp expert 2: entropy=0.372, activity=23.00
  block.0.mlp expert 3: entropy=0.340, activity=24.58
  block.1.mlp expert 0: entropy=0.308, activity=30.09
  block.1.mlp expert 1: entropy=0.292, activity=32.74
  block.1.mlp expert 2: entropy=0.403, activity=29.01
  block.1.mlp expert 3: entropy=0.293, activity=29.60
  block.2.mlp expert 0: entropy=0.209, activity=46.61
  block.2.mlp expert 1: entropy=0.181, activity=inf
  block.2.mlp expert 2: entropy=0.325, activity=37.07
  block.2.mlp expert 3: entropy=0.337, activity=inf
  block.3.mlp expert 0: entropy=0.255, activity=inf
  block.3.mlp expert 1: entropy=0.167, activity=inf
  block.3.mlp expert 2: entropy=0.184, activity=inf
  block.3.mlp expert 3: entropy=0.169, activity=inf
